Microchip MPLAB XC8 Compiler V2.46

Linker command line:

-W-3 \
  --edf=C:/Users/iProf/.mchp_packs/Microchip/PIC18F-Q_DFP/1.25.433/xc8\pic\dat\20240223164052_en.msgs \
  -cn -h+dist/default/production\LCD_I2C_OLED.X.production.sym \
  --cmf=dist/default/production\LCD_I2C_OLED.X.production.cmf -z -Q18F57Q43 \
  -oC:\Users\iProf\AppData\Local\Temp\xcAslg0.\driver_tmp_3.o \
  --defsym=__MPLAB_BUILD=1 --fixupoverflow=error \
  -Mdist/default/production/LCD_I2C_OLED.X.production.map \
  --md=C:\Users\iProf\AppData\Local\Temp\xcAslg0.\driver_tmp_0.dat -E1 \
  -ver=XC8 Compiler --acfsm=1493 -ACODE=00h-01FFFFh -ACONST=00h-01FFFFh \
  -ASMALLCONST=02500h-025FFhx475 \
  -AMEDIUMCONST=02500h-0FFFFh,012500h-01FFFFh -ACOMRAM=0501h-055Fh \
  -AABS1=0500h-024FFh -ABIGRAM=0501h-024FFh \
  -ARAM=0560h-05FFh,0600h-06FFhx31 -ABANK5=0560h-05FFh -ABANK6=0600h-06FFh \
  -ABANK7=0700h-07FFh -ABANK8=0800h-08FFh -ABANK9=0900h-09FFh \
  -ABANK10=0A00h-0AFFh -ABANK11=0B00h-0BFFh -ABANK12=0C00h-0CFFh \
  -ABANK13=0D00h-0DFFh -ABANK14=0E00h-0EFFh -ABANK15=0F00h-0FFFh \
  -ABANK16=01000h-010FFh -ABANK17=01100h-011FFh -ABANK18=01200h-012FFh \
  -ABANK19=01300h-013FFh -ABANK20=01400h-014FFh -ABANK21=01500h-015FFh \
  -ABANK22=01600h-016FFh -ABANK23=01700h-017FFh -ABANK24=01800h-018FFh \
  -ABANK25=01900h-019FFh -ABANK26=01A00h-01AFFh -ABANK27=01B00h-01BFFh \
  -ABANK28=01C00h-01CFFh -ABANK29=01D00h-01DFFh -ABANK30=01E00h-01EFFh \
  -ABANK31=01F00h-01FFFh -ABANK32=02000h-020FFh -ABANK33=02100h-021FFh \
  -ABANK34=02200h-022FFh -ABANK35=02300h-023FFh -ABANK36=02400h-024FFh \
  -ASFR=00h-0FFhx4,0400h-045Fh,0460h-04FFh,02500h-025FFh \
  -ABIGSFR=00h-04FFh,02500h-025FFh -ACONFIG=0300000h-0300011h \
  -AIDLOC=0200000h-020003Fh -AEEDATA=0380000h-03803FFh -peeprom_data=EEDATA \
  -preset_vec=00h -ppowerup=CODE,init -pramtop=02500h \
  -psmallconst=SMALLCONST -pmediumconst=MEDIUMCONST -pconst=CONST \
  -AFARRAM=00h-00h \
  -prdata=COMRAM,nvrram=COMRAM,nvbit=COMRAM,rbss=COMRAM,rbit=COMRAM \
  -pfarbss=FARRAM,fardata=FARRAM,nvFARRAM=FARRAM \
  -pintsave_regs=BIGRAM,bigbss=BIGRAM,bigdata=BIGRAM -pbss=RAM \
  -pidata=CODE,irdata=CODE,ibigdata=CODE,ifardata=CODE -prparam=COMRAM \
  C:\Users\iProf\AppData\Local\Temp\xcAslg0.\driver_tmp_14.o \
  dist/default/production\LCD_I2C_OLED.X.production.o 

Object code version is 3.11

Machine type is 18F57Q43



                Name                               Link     Load   Length Selector   Space Scale
C:\Users\iProf\AppData\Local\Temp\xcAslg0.\driver_tmp_14.o
                config                           300000   300000        A        0       4
                init                              1FFFC    1FFFC        4     FFFE       0
                reset_vec                             0        0        4        0       0
dist/default/production\LCD_I2C_OLED.X.production.o
                config                           300000   300000        A        0       4
                mediumconst                        EB56     EB56     14AA     75AB       0
                text105                           11FCC    11FCC       30    10000       0
                text104                           12406    12406        8    10000       0
                text103                           123AC    123AC        C    10000       0
                text102                           12244    12244       1C    10000       0
                text101                           12056    12056       2C    10000       0
                text100                           12444    12444        6    10000       0
                text99                            1243E    1243E        6    10000       0
                text98                            12438    12438        6    10000       0
                text97                            12314    12314       16    10000       0
                text96                            122FE    122FE       16    10000       0
                text95                            122E8    122E8       16    10000       0
                text94                            11D5C    11D5C       52    10000       0
                text93                            1216E    1216E       24    10000       0
                text92                            115CE    115CE       80    10000       0
                text91                            12228    12228       1C    10000       0
                text90                            11F9C    11F9C       30    10000       0
                text89                            11F6C    11F6C       30    10000       0
                text88                            11F3C    11F3C       30    10000       0
                text87                            11F0C    11F0C       30    10000       0
                text86                            11E90    11E90       44    10000       0
                text85                            1245E    1245E        4    10000       0
                text84                            1245A    1245A        4    10000       0
                text83                            123CC    123CC        A    10000       0
                text82                            12432    12432        6    10000       0
                text81                            1242C    1242C        6    10000       0
                text80                            123FE    123FE        8    10000       0
                text79                            123F6    123F6        8    10000       0
                text78                            12426    12426        6    10000       0
                text77                            122D2    122D2       16    10000       0
                text76                            12420    12420        6    10000       0
                text75                            1241A    1241A        6    10000       0
                text74                            12414    12414        6    10000       0
                text73                            1240E    1240E        6    10000       0
                text72                            122BC    122BC       16    10000       0
                text71                            122A6    122A6       16    10000       0
                text70                            123EE    123EE        8    10000       0
                text69                            123A0    123A0        C    10000       0
                text68                            11FFC    11FFC       2E    10000       0
                text67                            12290    12290       16    10000       0
                text66                            10D08    10D08      122    10000       0
                text65                            1142C    1142C       96    10000       0
                text64                            1164E    1164E       7E    10000       0
                text63                            11388    11388       A4    10000       0
                text62                            12392    12392        E    10000       0
                text61                            12456    12456        4    10000       0
                text60                            12452    12452        4    10000       0
                text59                            120D6    120D6       28    10000       0
                text58                            123E6    123E6        8    10000       0
                text57                            12384    12384        E    10000       0
                text56                            123DE    123DE        8    10000       0
                text55                            1234A    1234A       10    10000       0
                text54                            11A78    11A78       6E    10000       0
                text53                            118A8    118A8       76    10000       0
                text52                            1233A    1233A       10    10000       0
                text51                            11A06    11A06       72    10000       0
                text50                            11C5E    11C5E       5A    10000       0
                text49                            121D2    121D2       1E    10000       0
                text48                            11D0A    11D0A       52    10000       0
                text47                            123D6    123D6        8    10000       0
                text46                            120AC    120AC       2A    10000       0
                text45                            112E4    112E4       A4    10000       0
                text44                            1220C    1220C       1C    10000       0
                text43                            11832    11832       76    10000       0
                text42                            1232A    1232A       10    10000       0
                text41                            11E4A    11E4A       46    10000       0
                text40                            1202A    1202A       2C    10000       0
                text39                            123C2    123C2        A    10000       0
                text38                            114C2    114C2       8A    10000       0
                text37                            11ED4    11ED4       38    10000       0
                text36                            121B4    121B4       1E    10000       0
                text35                            11B4A    11B4A       5E    10000       0
                text34                            12082    12082       2A    10000       0
                text33                            10FE0    10FE0       C8    10000       0
                text32                            1116C    1116C       BE    10000       0
                text31                            110A8    110A8       C4    10000       0
                text30                            1244E    1244E        4    10000       0
                text29                            1244A    1244A        4    10000       0
                text28                            10B5C    10B5C      1AC    10000       0
                text27                            117BC    117BC       76    10000       0
                text26                            11746    11746       76    10000       0
                text25                            1154C    1154C       82    10000       0
                text24                            116CC    116CC       7A    10000       0
                text23                            12124    12124       26    10000       0
                text22                            10400    10400      3D8    10000       0
                text21                            11DAE    11DAE       50    10000       0
                text20                            10E2A    10E2A       EC    10000       0
                text19                            11BA8    11BA8       5C    10000       0
                text18                            12192    12192       22    10000       0
                text17                            121F0    121F0       1C    10000       0
                text16                            1122A    1122A       BA    10000       0
                text15                            1214A    1214A       24    10000       0
                text14                            12376    12376        E    10000       0
                text13                            12368    12368        E    10000       0
                text12                            1235A    1235A        E    10000       0
                text11                            11992    11992       74    10000       0
                text10                            12260    12260       1A    10000       0
                text9                             1191E    1191E       74    10000       0
                text8                             11AE6    11AE6       64    10000       0
                text7                             1227A    1227A       16    10000       0
                text6                             123B8    123B8        A    10000       0
                text5                             10F16    10F16       CA    10000       0
                text4                             1099A    1099A      1C2    10000       0
                text3                             11CB8    11CB8       52    10000       0
                text2                             120FE    120FE       26    10000       0
                text1                             11DFE    11DFE       4C    10000       0
                text0                             107D8    107D8      1C2    10000       0
                cstackCOMRAM                        501      501       3B      501       1
                dataBIGRAM                          5DC      5DC      400      5DC       1
                bssBANK5                            560      560       7C      560       1
                dataCOMRAM                          557      557        2      501       1
                bssCOMRAM                           53C      53C       12      501       1
                cinit                             11C04    11C04       5A    10000       0
                nvCOMRAM                            54E      54E        9      501       1
                idataBIGRAM                       10000    10000      400    10000       0
                idataCOMRAM                       12462    12462        2    10000       0

TOTAL           Name                               Link     Load   Length     Space
        CLASS   CODE           
                init                              1FFFC    1FFFC        4         0
                reset_vec                             0        0        4         0
                text105                           11FCC    11FCC       30         0
                text104                           12406    12406        8         0
                text103                           123AC    123AC        C         0
                text102                           12244    12244       1C         0
                text101                           12056    12056       2C         0
                text100                           12444    12444        6         0
                text99                            1243E    1243E        6         0
                text98                            12438    12438        6         0
                text97                            12314    12314       16         0
                text96                            122FE    122FE       16         0
                text95                            122E8    122E8       16         0
                text94                            11D5C    11D5C       52         0
                text93                            1216E    1216E       24         0
                text92                            115CE    115CE       80         0
                text91                            12228    12228       1C         0
                text90                            11F9C    11F9C       30         0
                text89                            11F6C    11F6C       30         0
                text88                            11F3C    11F3C       30         0
                text87                            11F0C    11F0C       30         0
                text86                            11E90    11E90       44         0
                text85                            1245E    1245E        4         0
                text84                            1245A    1245A        4         0
                text83                            123CC    123CC        A         0
                text82                            12432    12432        6         0
                text81                            1242C    1242C        6         0
                text80                            123FE    123FE        8         0
                text79                            123F6    123F6        8         0
                text78                            12426    12426        6         0
                text77                            122D2    122D2       16         0
                text76                            12420    12420        6         0
                text75                            1241A    1241A        6         0
                text74                            12414    12414        6         0
                text73                            1240E    1240E        6         0
                text72                            122BC    122BC       16         0
                text71                            122A6    122A6       16         0
                text70                            123EE    123EE        8         0
                text69                            123A0    123A0        C         0
                text68                            11FFC    11FFC       2E         0
                text67                            12290    12290       16         0
                text66                            10D08    10D08      122         0
                text65                            1142C    1142C       96         0
                text64                            1164E    1164E       7E         0
                text63                            11388    11388       A4         0
                text62                            12392    12392        E         0
                text61                            12456    12456        4         0
                text60                            12452    12452        4         0
                text59                            120D6    120D6       28         0
                text58                            123E6    123E6        8         0
                text57                            12384    12384        E         0
                text56                            123DE    123DE        8         0
                text55                            1234A    1234A       10         0
                text54                            11A78    11A78       6E         0
                text53                            118A8    118A8       76         0
                text52                            1233A    1233A       10         0
                text51                            11A06    11A06       72         0
                text50                            11C5E    11C5E       5A         0
                text49                            121D2    121D2       1E         0
                text48                            11D0A    11D0A       52         0
                text47                            123D6    123D6        8         0
                text46                            120AC    120AC       2A         0
                text45                            112E4    112E4       A4         0
                text44                            1220C    1220C       1C         0
                text43                            11832    11832       76         0
                text42                            1232A    1232A       10         0
                text41                            11E4A    11E4A       46         0
                text40                            1202A    1202A       2C         0
                text39                            123C2    123C2        A         0
                text38                            114C2    114C2       8A         0
                text37                            11ED4    11ED4       38         0
                text36                            121B4    121B4       1E         0
                text35                            11B4A    11B4A       5E         0
                text34                            12082    12082       2A         0
                text33                            10FE0    10FE0       C8         0
                text32                            1116C    1116C       BE         0
                text31                            110A8    110A8       C4         0
                text30                            1244E    1244E        4         0
                text29                            1244A    1244A        4         0
                text28                            10B5C    10B5C      1AC         0
                text27                            117BC    117BC       76         0
                text26                            11746    11746       76         0
                text25                            1154C    1154C       82         0
                text24                            116CC    116CC       7A         0
                text23                            12124    12124       26         0
                text22                            10400    10400      3D8         0
                text21                            11DAE    11DAE       50         0
                text20                            10E2A    10E2A       EC         0
                text19                            11BA8    11BA8       5C         0
                text18                            12192    12192       22         0
                text17                            121F0    121F0       1C         0
                text16                            1122A    1122A       BA         0
                text15                            1214A    1214A       24         0
                text14                            12376    12376        E         0
                text13                            12368    12368        E         0
                text12                            1235A    1235A        E         0
                text11                            11992    11992       74         0
                text10                            12260    12260       1A         0
                text9                             1191E    1191E       74         0
                text8                             11AE6    11AE6       64         0
                text7                             1227A    1227A       16         0
                text6                             123B8    123B8        A         0
                text5                             10F16    10F16       CA         0
                text4                             1099A    1099A      1C2         0
                text3                             11CB8    11CB8       52         0
                text2                             120FE    120FE       26         0
                text1                             11DFE    11DFE       4C         0
                text0                             107D8    107D8      1C2         0
                cinit                             11C04    11C04       5A         0
                idataBIGRAM                       10000    10000      400         0
                idataCOMRAM                       12462    12462        2         0

        CLASS   CONST          

        CLASS   SMALLCONST     

        CLASS   MEDIUMCONST    
                mediumconst                        EB56     EB56     14AA         0

        CLASS   COMRAM         
                cstackCOMRAM                        501      501       3B         1
                dataCOMRAM                          557      557        2         1
                bssCOMRAM                           53C      53C       12         1
                nvCOMRAM                            54E      54E        9         1

        CLASS   ABS1           

        CLASS   BIGRAM         
                dataBIGRAM                          5DC      5DC      400         1

        CLASS   RAM            

        CLASS   BANK5          
                bssBANK5                            560      560       7C         1

        CLASS   BANK6          

        CLASS   BANK7          

        CLASS   BANK8          

        CLASS   BANK9          

        CLASS   BANK10         

        CLASS   BANK11         

        CLASS   BANK12         

        CLASS   BANK13         

        CLASS   BANK14         

        CLASS   BANK15         

        CLASS   BANK16         

        CLASS   BANK17         

        CLASS   BANK18         

        CLASS   BANK19         

        CLASS   BANK20         

        CLASS   BANK21         

        CLASS   BANK22         

        CLASS   BANK23         

        CLASS   BANK24         

        CLASS   BANK25         

        CLASS   BANK26         

        CLASS   BANK27         

        CLASS   BANK28         

        CLASS   BANK29         

        CLASS   BANK30         

        CLASS   BANK31         

        CLASS   BANK32         

        CLASS   BANK33         

        CLASS   BANK34         

        CLASS   BANK35         

        CLASS   BANK36         

        CLASS   SFR            

        CLASS   BIGSFR         

        CLASS   CONFIG         
                config                           300000   300000        A         4

        CLASS   IDLOC          

        CLASS   EEDATA         

        CLASS   FARRAM         

        CLASS   HEAP           

        CLASS   STACK          



SEGMENTS        Name                           Load    Length   Top    Selector   Space  Class

                reset_vec                      000000  000004  000004         0       0  CODE    
                cstackCOMRAM                   000501  000058  000559       501       1  COMRAM  
                bssBANK5                       000560  00007C  0005DC       560       1  BANK5   
                dataBIGRAM                     0005DC  000400  0009DC       5DC       1  BIGRAM  
                mediumconst                    00EB56  0014AA  010000      75AB       0  MEDIUMCO
                idataBIGRAM                    010000  002464  012464     10000       0  CODE    
                init                           01FFFC  000004  020000      FFFE       0  CODE    


UNUSED ADDRESS RANGES

        Name                Unused          Largest block    Delta
        BANK10           000A00-000AFF              100
        BANK11           000B00-000BFF              100
        BANK12           000C00-000CFF              100
        BANK13           000D00-000DFF              100
        BANK14           000E00-000EFF              100
        BANK15           000F00-000FFF              100
        BANK16           001000-0010FF              100
        BANK17           001100-0011FF              100
        BANK18           001200-0012FF              100
        BANK19           001300-0013FF              100
        BANK20           001400-0014FF              100
        BANK21           001500-0015FF              100
        BANK22           001600-0016FF              100
        BANK23           001700-0017FF              100
        BANK24           001800-0018FF              100
        BANK25           001900-0019FF              100
        BANK26           001A00-001AFF              100
        BANK27           001B00-001BFF              100
        BANK28           001C00-001CFF              100
        BANK29           001D00-001DFF              100
        BANK30           001E00-001EFF              100
        BANK31           001F00-001FFF              100
        BANK32           002000-0020FF              100
        BANK33           002100-0021FF              100
        BANK34           002200-0022FF              100
        BANK35           002300-0023FF              100
        BANK36           002400-0024FF              100
        BANK9            0009DC-0009FF               24
        BIGRAM           000559-00055F                7
                         0009DC-0024FF             1B24
        BIGSFR           000000-0004FF              500
                         002500-0025FF              100
        CODE             000004-00EB55             EB52
                         012464-01FFFB             DB98
        COMRAM           000559-00055F                7
        CONFIG           30000A-300011                8
        CONST            000004-00EB55             EB52
                         012464-01FFFB             DB98
        EEDATA           380000-3803FF              400
        IDLOC            200000-20003F               40
        MEDIUMCONST      002500-00EB55             C656
                         012500-01FFFB             DAFC
        RAM              0009DC-0024FF              100
        SFR              000000-0004FF              100
                         002500-0025FF              100
        SMALLCONST       002500-00EB55              100
                         012464-01FFFB              100

                                  Symbol Table

?_ADCC_GetSingleConversion                    cstackCOMRAM 000501
?___awdiv                                     cstackCOMRAM 000501
?___lwdiv                                     cstackCOMRAM 000501
?___lwmod                                     cstackCOMRAM 000501
?___wmul                                      cstackCOMRAM 000509
?_printf                                      cstackCOMRAM 000523
?_sprintf                                     cstackCOMRAM 000523
?_strlen                                      cstackCOMRAM 000501
?_vfprintf                                    cstackCOMRAM 00051B
ADCC_GetSingleConversion@channel              cstackCOMRAM 000505
I2C1_CallbackReturnReset@funPtr               cstackCOMRAM 00050C
I2C1_Close@returnValue                        cstackCOMRAM 000501
I2C1_DO_RX@retFsmState                        cstackCOMRAM 000512
I2C1_DO_TX@dataTx                             cstackCOMRAM 000512
I2C1_DO_TX@retFsmState                        cstackCOMRAM 000513
I2C1_MasterOperation@read                     cstackCOMRAM 000514
I2C1_MasterOperation@returnValue              cstackCOMRAM 000515
I2C1_MasterSendTxData@data                    cstackCOMRAM 000501
I2C1_MasterSetCounter@counter                 cstackCOMRAM 000501
I2C1_Open@address                             cstackCOMRAM 000501
I2C1_Open@returnValue                         cstackCOMRAM 000502
I2C1_SetAddressNackCallback@cb                cstackCOMRAM 000507
I2C1_SetAddressNackCallback@ptr               cstackCOMRAM 00050A
I2C1_SetBuffer@buffer                         cstackCOMRAM 000501
I2C1_SetBuffer@bufferSize                     cstackCOMRAM 000503
I2C1_SetCallback@cb                           cstackCOMRAM 000501
I2C1_SetCallback@idx                          cstackCOMRAM 000506
I2C1_SetCallback@ptr                          cstackCOMRAM 000504
I2C1_SetDataCompleteCallback@cb               cstackCOMRAM 000507
I2C1_SetDataCompleteCallback@ptr              cstackCOMRAM 00050A
I2C1_Write@address                            cstackCOMRAM 000517
I2C1_Write@data                               cstackCOMRAM 000516
I2C1_WriteNBytes@address                      cstackCOMRAM 00051A
I2C1_WriteNBytes@data                         cstackCOMRAM 000516
I2C1_WriteNBytes@len                          cstackCOMRAM 000518
I2C_LCD_Cmd@cmd                               cstackCOMRAM 00051F
OLED_DrawPixel@color                          cstackCOMRAM 00050D
OLED_DrawPixel@x                              cstackCOMRAM 000509
OLED_DrawPixel@y                              cstackCOMRAM 00050B
OLED_H_Line@color                             cstackCOMRAM 000519
OLED_H_Line@temp                              cstackCOMRAM 00051B
OLED_H_Line@x_end                             cstackCOMRAM 000515
OLED_H_Line@x_start                           cstackCOMRAM 000513
OLED_H_Line@y_pos                             cstackCOMRAM 000517
OLED_Rectangle@color                          cstackCOMRAM 000525
OLED_Rectangle@x1                             cstackCOMRAM 00051D
OLED_Rectangle@x2                             cstackCOMRAM 000521
OLED_Rectangle@y1                             cstackCOMRAM 00051F
OLED_Rectangle@y2                             cstackCOMRAM 000523
OLED_SetFont@font                             cstackCOMRAM 000501
OLED_Update@data_to_send                      cstackCOMRAM 00051E
OLED_Update@i_1868                            cstackCOMRAM 000532
OLED_Update@x                                 cstackCOMRAM 00052F
OLED_Update@x_1871                            cstackCOMRAM 000530
OLED_V_Line@color                             cstackCOMRAM 000519
OLED_V_Line@temp                              cstackCOMRAM 00051B
OLED_V_Line@x_pos                             cstackCOMRAM 000517
OLED_V_Line@y_end                             cstackCOMRAM 000515
OLED_V_Line@y_start                           cstackCOMRAM 000513
OLED_Write@b                                  cstackCOMRAM 00052D
OLED_Write@cbit                               cstackCOMRAM 000521
OLED_Write@cbyte                              cstackCOMRAM 00051F
OLED_Write@cnt                                cstackCOMRAM 00052B
OLED_Write@cx                                 cstackCOMRAM 000525
OLED_Write@cy                                 cstackCOMRAM 000527
OLED_Write@font_idx                           cstackCOMRAM 000523
OLED_Write@rowcnt                             cstackCOMRAM 000529
OLED_Write@temp                               cstackCOMRAM 00051D
OLED_Write@value                              cstackCOMRAM 000517
OLED_Write@x                                  cstackCOMRAM 000513
OLED_Write@y                                  cstackCOMRAM 000515
OLED_Write_Text@cnt                           cstackCOMRAM 000536
OLED_Write_Text@length                        cstackCOMRAM 000537
OLED_Write_Text@text                          cstackCOMRAM 000532
OLED_Write_Text@x                             cstackCOMRAM 00052E
OLED_Write_Text@y                             cstackCOMRAM 000530
PCF_Wr@dato                                   cstackCOMRAM 000518
UART1_SetErrorHandler@interruptHandler        cstackCOMRAM 000501
UART1_SetFramingErrorHandler@interruptHandler cstackCOMRAM 000501
UART1_SetOverrunErrorHandler@interruptHandler cstackCOMRAM 000501
UART1_Write@txData                            cstackCOMRAM 000501
_ACTCON                                       (abs)        0000AC
_ADACCH                                       (abs)        0003E4
_ADACCL                                       (abs)        0003E3
_ADACCU                                       (abs)        0003E5
_ADACQH                                       (abs)        0003EF
_ADACQL                                       (abs)        0003EE
_ADACT                                        (abs)        0003F9
_ADCAP                                        (abs)        0003F0
_ADCC_GetSingleConversion                     text105      011FCC
_ADCC_Initialize                              text19       011BA8
_ADCLK                                        (abs)        0003FA
_ADCNT                                        (abs)        0003E6
_ADCON0                                       (abs)        0003F3
_ADCON0bits                                   (abs)        0003F3
_ADCON1                                       (abs)        0003F4
_ADCON1bits                                   (abs)        0003F4
_ADCON2                                       (abs)        0003F5
_ADCON2bits                                   (abs)        0003F5
_ADCON3                                       (abs)        0003F6
_ADCON3bits                                   (abs)        0003F6
_ADERRH                                       (abs)        0003DE
_ADERRL                                       (abs)        0003DD
_ADFLTRH                                      (abs)        0003E2
_ADFLTRL                                      (abs)        0003E1
_ADLTHH                                       (abs)        0003DA
_ADLTHL                                       (abs)        0003D9
_ADPCH                                        (abs)        0003EC
_ADPREH                                       (abs)        0003F2
_ADPREL                                       (abs)        0003F1
_ADPREVH                                      (abs)        0003E9
_ADPREVL                                      (abs)        0003E8
_ADREF                                        (abs)        0003F8
_ADRESH                                       (abs)        0003EB
_ADRESL                                       (abs)        0003EA
_ADRPT                                        (abs)        0003E7
_ADSTAT                                       (abs)        0003F7
_ADSTATbits                                   (abs)        0003F7
_ADSTPTH                                      (abs)        0003E0
_ADSTPTL                                      (abs)        0003DF
_ADUTHH                                       (abs)        0003DC
_ADUTHL                                       (abs)        0003DB
_ANSELA                                       (abs)        000400
_ANSELB                                       (abs)        000408
_ANSELC                                       (abs)        000410
_ANSELD                                       (abs)        000418
_ANSELE                                       (abs)        000420
_ANSELF                                       (abs)        000428
_DIR_PCF                                      dataCOMRAM   000557
_FONT_1                                       mediumconst  00FD68
_FONT_2                                       mediumconst  00F774
_FONT_3                                       mediumconst  00EB90
_I2C1CLK                                      (abs)        00029C
_I2C1CNT                                      (abs)        00028D
_I2C1CON0                                     (abs)        000294
_I2C1CON0bits                                 (abs)        000294
_I2C1CON1                                     (abs)        000295
_I2C1CON1bits                                 (abs)        000295
_I2C1CON2                                     (abs)        000296
_I2C1ERR                                      (abs)        000297
_I2C1ERRbits                                  (abs)        000297
_I2C1PIE                                      (abs)        00029B
_I2C1PIEbits                                  (abs)        00029B
_I2C1PIR                                      (abs)        00029A
_I2C1PIRbits                                  (abs)        00029A
_I2C1RXB                                      (abs)        00028B
_I2C1SCLPPS                                   (abs)        000271
_I2C1SDAPPS                                   (abs)        000270
_I2C1STAT1bits                                (abs)        000299
_I2C1TXB                                      (abs)        00028C
_I2C1_CallbackReturnReset                     text84       01245A
_I2C1_CallbackReturnStop                      text85       01245E
_I2C1_ClearInterruptFlags                     text94       011D5C
_I2C1_Close                                   text101      012056
_I2C1_DO_ADDRESS_NACK                         text54       011A78
_I2C1_DO_BUS_COLLISION                        text53       0118A8
_I2C1_DO_BUS_ERROR                            text52       01233A
_I2C1_DO_IDLE                                 text69       0123A0
_I2C1_DO_RESET                                text55       01234A
_I2C1_DO_RX                                   text65       01142C
_I2C1_DO_RX_ACK                               text58       0123E6
_I2C1_DO_RX_EMPTY                             text63       011388
_I2C1_DO_RX_NACK_RESTART                      text56       0123DE
_I2C1_DO_RX_NACK_STOP                         text57       012384
_I2C1_DO_SEND_ADR_READ                        text68       011FFC
_I2C1_DO_SEND_ADR_WRITE                       text67       012290
_I2C1_DO_SEND_RESTART                         text60       012452
_I2C1_DO_SEND_RESTART_READ                    text62       012392
_I2C1_DO_SEND_RESTART_WRITE                   text61       012456
_I2C1_DO_SEND_STOP                            text59       0120D6
_I2C1_DO_TX                                   text66       010D08
_I2C1_DO_TX$1411                              cstackCOMRAM 000510
_I2C1_DO_TX_ACK                               text70       0123EE
_I2C1_DO_TX_EMPTY                             text64       01164E
_I2C1_Initialize                              text18       012192
_I2C1_MasterClearCountFlag                    text100      012444
_I2C1_MasterClearIrq                          text104      012406
_I2C1_MasterClearNackFlag                     text99       01243E
_I2C1_MasterClearStopFlag                     text98       012438
_I2C1_MasterClose                             text103      0123AC
_I2C1_MasterDisableIrq                        text102      012244
_I2C1_MasterDisableRestart                    text82       012432
_I2C1_MasterEnableRestart                     text81       01242C
_I2C1_MasterFsm                               text51       011A06
_I2C1_MasterGetCounter                        text73       01240E
_I2C1_MasterGetRxData                         text78       012426
_I2C1_MasterIsCountFlagSet                    text97       012314
_I2C1_MasterIsNack                            text72       0122BC
_I2C1_MasterIsNackFlagSet                     text96       0122FE
_I2C1_MasterIsRxBufFull                       text77       0122D2
_I2C1_MasterIsStopFlagSet                     text95       0122E8
_I2C1_MasterIsTxBufEmpty                      text71       0122A6
_I2C1_MasterOpen                              text46       0120AC
_I2C1_MasterOperation                         text48       011D0A
_I2C1_MasterResetBus                          text83       0123CC
_I2C1_MasterSendAck                           text76       012420
_I2C1_MasterSendNack                          text75       01241A
_I2C1_MasterSendTxData                        text79       0123F6
_I2C1_MasterSetCounter                        text80       0123FE
_I2C1_MasterStop                              text74       012414
_I2C1_MasterWaitForEvent                      text50       011C5E
_I2C1_MasterWrite                             text47       0123D6
_I2C1_Open                                    text45       0112E4
_I2C1_Poller                                  text49       0121D2
_I2C1_SetAddressNackCallback                  text44       01220C
_I2C1_SetBuffer                               text93       01216E
_I2C1_SetCallback                             text92       0115CE
_I2C1_SetDataCompleteCallback                 text91       012228
_I2C1_Status                                  bssBANK5     000560
_I2C1_Write                                   text43       011832
_I2C1_WriteNBytes                             text35       011B4A
_I2C_LCD_Cmd                                  text39       0123C2
_I2C_LCD_Init                                 text38       0114C2
_INLVLA                                       (abs)        000404
_INLVLB                                       (abs)        00040C
_INLVLC                                       (abs)        000414
_INLVLD                                       (abs)        00041C
_INLVLE                                       (abs)        000424
_INLVLF                                       (abs)        00042C
_LATA                                         (abs)        0004BE
_LATB                                         (abs)        0004BF
_LATC                                         (abs)        0004C0
_LATD                                         (abs)        0004C1
_LATE                                         (abs)        0004C2
_LATF                                         (abs)        0004C3
_LATFbits                                     (abs)        0004C3
_ODCONA                                       (abs)        000402
_ODCONB                                       (abs)        00040A
_ODCONC                                       (abs)        000412
_ODCOND                                       (abs)        00041A
_ODCONE                                       (abs)        000422
_ODCONF                                       (abs)        00042A
_OLED_ClearDisplay                            text36       0121B4
_OLED_DrawPixel                               text28       010B5C
_OLED_H_Line                                  text27       0117BC
_OLED_Init                                    text32       01116C
_OLED_Rectangle                               text25       01154C
_OLED_SetFont                                 text24       0116CC
_OLED_Update                                  text33       010FE0
_OLED_V_Line                                  text26       011746
_OLED_Write                                   text22       010400
_OLED_Write$2961                              cstackCOMRAM 00051B
_OLED_Write_Text                              text20       010E2A
_OSCCON1                                      (abs)        0000AD
_OSCCON3                                      (abs)        0000AF
_OSCEN                                        (abs)        0000B3
_OSCFRQ                                       (abs)        0000B1
_OSCILLATOR_Initialize                        text17       0121F0
_OSCTUNE                                      (abs)        0000B0
_PCF_Wr                                       text42       01232A
_PIE7bits                                     (abs)        0004A5
_PIN_MANAGER_Initialize                       text16       01122A
_PIR4bits                                     (abs)        0004B2
_PIR7bits                                     (abs)        0004B5
_PMD0                                         (abs)        000060
_PMD1                                         (abs)        000061
_PMD3                                         (abs)        000063
_PMD4                                         (abs)        000064
_PMD5                                         (abs)        000065
_PMD6                                         (abs)        000066
_PMD7                                         (abs)        000067
_PMD8                                         (abs)        000068
_PMD_Initialize                               text15       01214A
_RB1I2C                                       (abs)        000289
_RB2I2C                                       (abs)        000288
_RC3I2C                                       (abs)        000287
_RC3PPS                                       (abs)        000214
_RC4I2C                                       (abs)        000286
_RC4PPS                                       (abs)        000215
_RF1PPS                                       (abs)        00022A
_SLRCONA                                      (abs)        000403
_SLRCONB                                      (abs)        00040B
_SLRCONC                                      (abs)        000413
_SLRCOND                                      (abs)        00041B
_SLRCONE                                      (abs)        000423
_SLRCONF                                      (abs)        00042B
_SYSTEM_Initialize                            text10       012260
_TRISA                                        (abs)        0004C6
_TRISB                                        (abs)        0004C7
_TRISC                                        (abs)        0004C8
_TRISD                                        (abs)        0004C9
_TRISE                                        (abs)        0004CA
_TRISF                                        (abs)        0004CB
_U1BRGH                                       (abs)        0002AF
_U1BRGL                                       (abs)        0002AE
_U1CON0                                       (abs)        0002AB
_U1CON0bits                                   (abs)        0002AB
_U1CON1                                       (abs)        0002AC
_U1CON2                                       (abs)        0002AD
_U1ERRIE                                      (abs)        0002B3
_U1ERRIR                                      (abs)        0002B2
_U1ERRIRbits                                  (abs)        0002B2
_U1FIFO                                       (abs)        0002B0
_U1P1H                                        (abs)        0002A6
_U1P1L                                        (abs)        0002A5
_U1P2H                                        (abs)        0002A8
_U1P2L                                        (abs)        0002A7
_U1P3H                                        (abs)        0002AA
_U1P3L                                        (abs)        0002A9
_U1RXB                                        (abs)        0002A1
_U1RXPPS                                      (abs)        000272
_U1TXB                                        (abs)        0002A3
_U1UIR                                        (abs)        0002B1
_UART1_DefaultErrorHandler                    (abs)        000000
_UART1_DefaultFramingErrorHandler             (abs)        000000
_UART1_DefaultOverrunErrorHandler             (abs)        000000
_UART1_ErrorHandler                           nvCOMRAM     00054E
_UART1_FramingErrorHandler                    nvCOMRAM     000554
_UART1_Initialize                             text11       011992
_UART1_OverrunErrorHandler                    nvCOMRAM     000551
_UART1_SetErrorHandler                        text14       012376
_UART1_SetFramingErrorHandler                 text13       012368
_UART1_SetOverrunErrorHandler                 text12       01235A
_UART1_Write                                  text7        01227A
_WPUA                                         (abs)        000401
_WPUB                                         (abs)        000409
_WPUC                                         (abs)        000411
_WPUD                                         (abs)        000419
_WPUE                                         (abs)        000421
_WPUF                                         (abs)        000429
__HRAM                                        (abs)        000000
__H__absolute__                               __absolute__ 000000
__Habs1                                       abs1         000000
__Hbank10                                     bank10       000000
__Hbank11                                     bank11       000000
__Hbank12                                     bank12       000000
__Hbank13                                     bank13       000000
__Hbank14                                     bank14       000000
__Hbank15                                     bank15       000000
__Hbank16                                     bank16       000000
__Hbank17                                     bank17       000000
__Hbank18                                     bank18       000000
__Hbank19                                     bank19       000000
__Hbank20                                     bank20       000000
__Hbank21                                     bank21       000000
__Hbank22                                     bank22       000000
__Hbank23                                     bank23       000000
__Hbank24                                     bank24       000000
__Hbank25                                     bank25       000000
__Hbank26                                     bank26       000000
__Hbank27                                     bank27       000000
__Hbank28                                     bank28       000000
__Hbank29                                     bank29       000000
__Hbank30                                     bank30       000000
__Hbank31                                     bank31       000000
__Hbank32                                     bank32       000000
__Hbank33                                     bank33       000000
__Hbank34                                     bank34       000000
__Hbank35                                     bank35       000000
__Hbank36                                     bank36       000000
__Hbank5                                      bank5        000000
__Hbank6                                      bank6        000000
__Hbank7                                      bank7        000000
__Hbank8                                      bank8        000000
__Hbank9                                      bank9        000000
__Hbigbss                                     bigbss       000000
__Hbigdata                                    bigdata      000000
__Hbigram                                     bigram       000000
__Hbigsfr                                     bigsfr       000000
__Hbss                                        bss          000000
__HbssBANK5                                   bssBANK5     000000
__HbssCOMRAM                                  bssCOMRAM    000000
__Hcinit                                      cinit        000000
__Hclrtext                                    clrtext      000000
__Hcomram                                     comram       000000
__Hconfig                                     config       30000A
__Hconst                                      const        000000
__HcstackCOMRAM                               cstackCOMRAM 000000
__Hdata                                       data         000000
__HdataBIGRAM                                 dataBIGRAM   000000
__HdataCOMRAM                                 dataCOMRAM   000000
__Heeprom_data                                eeprom_data  000000
__Hfarbss                                     farbss       000000
__Hfardata                                    fardata      000000
__Hheap                                       heap         000000
__Hibigdata                                   ibigdata     000000
__Hidata                                      idata        000000
__HidataBIGRAM                                idataBIGRAM  000000
__HidataCOMRAM                                idataCOMRAM  000000
__Hidloc                                      idloc        000000
__Hifardata                                   ifardata     000000
__Hinit                                       init         020000
__Hintsave_regs                               intsave_regs 000000
__Hirdata                                     irdata       000000
__Hmediumconst                                mediumconst  010000
__HnvCOMRAM                                   nvCOMRAM     000000
__HnvFARRAM                                   nvFARRAM     000000
__Hnvbit                                      nvbit        000000
__Hnvrram                                     nvrram       000000
__Hparam                                      rparam       000000
__Hpowerup                                    powerup      000000
__Hram                                        ram          000000
__Hramtop                                     ramtop       002500
__Hrbit                                       rbit         000000
__Hrbss                                       rbss         000000
__Hrdata                                      rdata        000000
__Hreset_vec                                  reset_vec    000004
__Hrparam                                     rparam       000000
__Hsfr                                        sfr          000000
__Hsmallconst                                 smallconst   000000
__Hspace_0                                    (abs)        020000
__Hspace_1                                    (abs)        0009DC
__Hspace_2                                    (abs)        000000
__Hspace_4                                    (abs)        60000A
__Hstack                                      stack        000000
__Hstruct                                     struct       000000
__Htemp                                       temp         000000
__Htext                                       text         000000
__Htext0                                      text0        000000
__Htext1                                      text1        000000
__Htext10                                     text10       000000
__Htext100                                    text100      000000
__Htext101                                    text101      000000
__Htext102                                    text102      000000
__Htext103                                    text103      000000
__Htext104                                    text104      000000
__Htext105                                    text105      000000
__Htext11                                     text11       000000
__Htext12                                     text12       000000
__Htext13                                     text13       000000
__Htext14                                     text14       000000
__Htext15                                     text15       000000
__Htext16                                     text16       000000
__Htext17                                     text17       000000
__Htext18                                     text18       000000
__Htext19                                     text19       000000
__Htext2                                      text2        000000
__Htext20                                     text20       000000
__Htext21                                     text21       000000
__Htext22                                     text22       000000
__Htext23                                     text23       000000
__Htext24                                     text24       000000
__Htext25                                     text25       000000
__Htext26                                     text26       000000
__Htext27                                     text27       000000
__Htext28                                     text28       000000
__Htext29                                     text29       000000
__Htext3                                      text3        000000
__Htext30                                     text30       000000
__Htext31                                     text31       000000
__Htext32                                     text32       000000
__Htext33                                     text33       000000
__Htext34                                     text34       000000
__Htext35                                     text35       000000
__Htext36                                     text36       000000
__Htext37                                     text37       000000
__Htext38                                     text38       000000
__Htext39                                     text39       000000
__Htext4                                      text4        000000
__Htext40                                     text40       000000
__Htext41                                     text41       000000
__Htext42                                     text42       000000
__Htext43                                     text43       000000
__Htext44                                     text44       000000
__Htext45                                     text45       000000
__Htext46                                     text46       000000
__Htext47                                     text47       000000
__Htext48                                     text48       000000
__Htext49                                     text49       000000
__Htext5                                      text5        000000
__Htext50                                     text50       000000
__Htext51                                     text51       000000
__Htext52                                     text52       000000
__Htext53                                     text53       000000
__Htext54                                     text54       000000
__Htext55                                     text55       000000
__Htext56                                     text56       000000
__Htext57                                     text57       000000
__Htext58                                     text58       000000
__Htext59                                     text59       000000
__Htext6                                      text6        000000
__Htext60                                     text60       000000
__Htext61                                     text61       000000
__Htext62                                     text62       000000
__Htext63                                     text63       000000
__Htext64                                     text64       000000
__Htext65                                     text65       000000
__Htext66                                     text66       000000
__Htext67                                     text67       000000
__Htext68                                     text68       000000
__Htext69                                     text69       000000
__Htext7                                      text7        000000
__Htext70                                     text70       000000
__Htext71                                     text71       000000
__Htext72                                     text72       000000
__Htext73                                     text73       000000
__Htext74                                     text74       000000
__Htext75                                     text75       000000
__Htext76                                     text76       000000
__Htext77                                     text77       000000
__Htext78                                     text78       000000
__Htext79                                     text79       000000
__Htext8                                      text8        000000
__Htext80                                     text80       000000
__Htext81                                     text81       000000
__Htext82                                     text82       000000
__Htext83                                     text83       000000
__Htext84                                     text84       000000
__Htext85                                     text85       000000
__Htext86                                     text86       000000
__Htext87                                     text87       000000
__Htext88                                     text88       000000
__Htext89                                     text89       000000
__Htext9                                      text9        000000
__Htext90                                     text90       000000
__Htext91                                     text91       000000
__Htext92                                     text92       000000
__Htext93                                     text93       000000
__Htext94                                     text94       000000
__Htext95                                     text95       000000
__Htext96                                     text96       000000
__Htext97                                     text97       000000
__Htext98                                     text98       000000
__Htext99                                     text99       000000
__LRAM                                        (abs)        000001
__L__absolute__                               __absolute__ 000000
__Labs1                                       abs1         000000
__Lbank10                                     bank10       000000
__Lbank11                                     bank11       000000
__Lbank12                                     bank12       000000
__Lbank13                                     bank13       000000
__Lbank14                                     bank14       000000
__Lbank15                                     bank15       000000
__Lbank16                                     bank16       000000
__Lbank17                                     bank17       000000
__Lbank18                                     bank18       000000
__Lbank19                                     bank19       000000
__Lbank20                                     bank20       000000
__Lbank21                                     bank21       000000
__Lbank22                                     bank22       000000
__Lbank23                                     bank23       000000
__Lbank24                                     bank24       000000
__Lbank25                                     bank25       000000
__Lbank26                                     bank26       000000
__Lbank27                                     bank27       000000
__Lbank28                                     bank28       000000
__Lbank29                                     bank29       000000
__Lbank30                                     bank30       000000
__Lbank31                                     bank31       000000
__Lbank32                                     bank32       000000
__Lbank33                                     bank33       000000
__Lbank34                                     bank34       000000
__Lbank35                                     bank35       000000
__Lbank36                                     bank36       000000
__Lbank5                                      bank5        000000
__Lbank6                                      bank6        000000
__Lbank7                                      bank7        000000
__Lbank8                                      bank8        000000
__Lbank9                                      bank9        000000
__Lbigbss                                     bigbss       000000
__Lbigdata                                    bigdata      000000
__Lbigram                                     bigram       000000
__Lbigsfr                                     bigsfr       000000
__Lbss                                        bss          000000
__LbssBANK5                                   bssBANK5     000000
__LbssCOMRAM                                  bssCOMRAM    000000
__Lcinit                                      cinit        000000
__Lclrtext                                    clrtext      000000
__Lcomram                                     comram       000000
__Lconfig                                     config       000000
__Lconst                                      const        000000
__LcstackCOMRAM                               cstackCOMRAM 000000
__Ldata                                       data         000000
__LdataBIGRAM                                 dataBIGRAM   000000
__LdataCOMRAM                                 dataCOMRAM   000000
__Leeprom_data                                eeprom_data  000000
__Lfarbss                                     farbss       000000
__Lfardata                                    fardata      000000
__Lheap                                       heap         000000
__Libigdata                                   ibigdata     000000
__Lidata                                      idata        000000
__LidataBIGRAM                                idataBIGRAM  000000
__LidataCOMRAM                                idataCOMRAM  000000
__Lidloc                                      idloc        000000
__Lifardata                                   ifardata     000000
__Linit                                       init         01FFFC
__Lintsave_regs                               intsave_regs 000000
__Lirdata                                     irdata       000000
__Lmediumconst                                mediumconst  00EB56
__LnvCOMRAM                                   nvCOMRAM     000000
__LnvFARRAM                                   nvFARRAM     000000
__Lnvbit                                      nvbit        000000
__Lnvrram                                     nvrram       000000
__Lparam                                      rparam       000000
__Lpowerup                                    powerup      000000
__Lram                                        ram          000000
__Lramtop                                     ramtop       002500
__Lrbit                                       rbit         000000
__Lrbss                                       rbss         000000
__Lrdata                                      rdata        000000
__Lreset_vec                                  reset_vec    000000
__Lrparam                                     rparam       000000
__Lsfr                                        sfr          000000
__Lsmallconst                                 smallconst   000000
__Lspace_0                                    (abs)        000000
__Lspace_1                                    (abs)        000000
__Lspace_2                                    (abs)        000000
__Lspace_4                                    (abs)        000000
__Lstack                                      stack        000000
__Lstruct                                     struct       000000
__Ltemp                                       temp         000000
__Ltext                                       text         000000
__Ltext0                                      text0        000000
__Ltext1                                      text1        000000
__Ltext10                                     text10       000000
__Ltext100                                    text100      000000
__Ltext101                                    text101      000000
__Ltext102                                    text102      000000
__Ltext103                                    text103      000000
__Ltext104                                    text104      000000
__Ltext105                                    text105      000000
__Ltext11                                     text11       000000
__Ltext12                                     text12       000000
__Ltext13                                     text13       000000
__Ltext14                                     text14       000000
__Ltext15                                     text15       000000
__Ltext16                                     text16       000000
__Ltext17                                     text17       000000
__Ltext18                                     text18       000000
__Ltext19                                     text19       000000
__Ltext2                                      text2        000000
__Ltext20                                     text20       000000
__Ltext21                                     text21       000000
__Ltext22                                     text22       000000
__Ltext23                                     text23       000000
__Ltext24                                     text24       000000
__Ltext25                                     text25       000000
__Ltext26                                     text26       000000
__Ltext27                                     text27       000000
__Ltext28                                     text28       000000
__Ltext29                                     text29       000000
__Ltext3                                      text3        000000
__Ltext30                                     text30       000000
__Ltext31                                     text31       000000
__Ltext32                                     text32       000000
__Ltext33                                     text33       000000
__Ltext34                                     text34       000000
__Ltext35                                     text35       000000
__Ltext36                                     text36       000000
__Ltext37                                     text37       000000
__Ltext38                                     text38       000000
__Ltext39                                     text39       000000
__Ltext4                                      text4        000000
__Ltext40                                     text40       000000
__Ltext41                                     text41       000000
__Ltext42                                     text42       000000
__Ltext43                                     text43       000000
__Ltext44                                     text44       000000
__Ltext45                                     text45       000000
__Ltext46                                     text46       000000
__Ltext47                                     text47       000000
__Ltext48                                     text48       000000
__Ltext49                                     text49       000000
__Ltext5                                      text5        000000
__Ltext50                                     text50       000000
__Ltext51                                     text51       000000
__Ltext52                                     text52       000000
__Ltext53                                     text53       000000
__Ltext54                                     text54       000000
__Ltext55                                     text55       000000
__Ltext56                                     text56       000000
__Ltext57                                     text57       000000
__Ltext58                                     text58       000000
__Ltext59                                     text59       000000
__Ltext6                                      text6        000000
__Ltext60                                     text60       000000
__Ltext61                                     text61       000000
__Ltext62                                     text62       000000
__Ltext63                                     text63       000000
__Ltext64                                     text64       000000
__Ltext65                                     text65       000000
__Ltext66                                     text66       000000
__Ltext67                                     text67       000000
__Ltext68                                     text68       000000
__Ltext69                                     text69       000000
__Ltext7                                      text7        000000
__Ltext70                                     text70       000000
__Ltext71                                     text71       000000
__Ltext72                                     text72       000000
__Ltext73                                     text73       000000
__Ltext74                                     text74       000000
__Ltext75                                     text75       000000
__Ltext76                                     text76       000000
__Ltext77                                     text77       000000
__Ltext78                                     text78       000000
__Ltext79                                     text79       000000
__Ltext8                                      text8        000000
__Ltext80                                     text80       000000
__Ltext81                                     text81       000000
__Ltext82                                     text82       000000
__Ltext83                                     text83       000000
__Ltext84                                     text84       000000
__Ltext85                                     text85       000000
__Ltext86                                     text86       000000
__Ltext87                                     text87       000000
__Ltext88                                     text88       000000
__Ltext89                                     text89       000000
__Ltext9                                      text9        000000
__Ltext90                                     text90       000000
__Ltext91                                     text91       000000
__Ltext92                                     text92       000000
__Ltext93                                     text93       000000
__Ltext94                                     text94       000000
__Ltext95                                     text95       000000
__Ltext96                                     text96       000000
__Ltext97                                     text97       000000
__Ltext98                                     text98       000000
__Ltext99                                     text99       000000
__S0                                          (abs)        020000
__S1                                          (abs)        0009DC
__S4                                          (abs)        000000
__S5                                          (abs)        000000
___awdiv                                      text31       0110A8
___awdiv@counter                              cstackCOMRAM 000505
___awdiv@dividend                             cstackCOMRAM 000501
___awdiv@divisor                              cstackCOMRAM 000503
___awdiv@quotient                             cstackCOMRAM 000507
___awdiv@sign                                 cstackCOMRAM 000506
___heap_hi                                    (abs)        000000
___heap_lo                                    (abs)        000000
___inthi_sp                                   stack        000000
___inthi_stack_hi                             stack        000000
___inthi_stack_lo                             stack        000000
___intlo_sp                                   stack        000000
___intlo_stack_hi                             stack        000000
___intlo_stack_lo                             stack        000000
___lwdiv                                      text9        01191E
___lwdiv@counter                              cstackCOMRAM 000507
___lwdiv@dividend                             cstackCOMRAM 000501
___lwdiv@divisor                              cstackCOMRAM 000503
___lwdiv@quotient                             cstackCOMRAM 000505
___lwmod                                      text8        011AE6
___lwmod@counter                              cstackCOMRAM 000505
___lwmod@dividend                             cstackCOMRAM 000501
___lwmod@divisor                              cstackCOMRAM 000503
___param_bank                                 (abs)        000000
___rparam_used                                (abs)        000001
___sp                                         stack        000000
___stack_hi                                   stack        000000
___stack_lo                                   stack        000000
___wmul                                       text23       012124
___wmul@multiplicand                          cstackCOMRAM 00050B
___wmul@multiplier                            cstackCOMRAM 000509
___wmul@product                               cstackCOMRAM 00050D
__accesstop                                   (abs)        000560
__activetblptr                                (abs)        000003
__end_of_ADCC_GetSingleConversion             text105      011FFC
__end_of_ADCC_Initialize                      text19       011C04
__end_of_FONT_1                               mediumconst  00FFAD
__end_of_FONT_2                               mediumconst  00FD68
__end_of_FONT_3                               mediumconst  00F774
__end_of_I2C1_CallbackReturnReset             text84       01245E
__end_of_I2C1_CallbackReturnStop              text85       012462
__end_of_I2C1_ClearInterruptFlags             text94       011DAE
__end_of_I2C1_Close                           text101      012082
__end_of_I2C1_DO_ADDRESS_NACK                 text54       011AE6
__end_of_I2C1_DO_BUS_COLLISION                text53       01191E
__end_of_I2C1_DO_BUS_ERROR                    text52       01234A
__end_of_I2C1_DO_IDLE                         text69       0123AC
__end_of_I2C1_DO_RESET                        text55       01235A
__end_of_I2C1_DO_RX                           text65       0114C2
__end_of_I2C1_DO_RX_ACK                       text58       0123EE
__end_of_I2C1_DO_RX_EMPTY                     text63       01142C
__end_of_I2C1_DO_RX_NACK_RESTART              text56       0123E6
__end_of_I2C1_DO_RX_NACK_STOP                 text57       012392
__end_of_I2C1_DO_SEND_ADR_READ                text68       01202A
__end_of_I2C1_DO_SEND_ADR_WRITE               text67       0122A6
__end_of_I2C1_DO_SEND_RESTART                 text60       012456
__end_of_I2C1_DO_SEND_RESTART_READ            text62       0123A0
__end_of_I2C1_DO_SEND_RESTART_WRITE           text61       01245A
__end_of_I2C1_DO_SEND_STOP                    text59       0120FE
__end_of_I2C1_DO_TX                           text66       010E2A
__end_of_I2C1_DO_TX_ACK                       text70       0123F6
__end_of_I2C1_DO_TX_EMPTY                     text64       0116CC
__end_of_I2C1_Initialize                      text18       0121B4
__end_of_I2C1_MasterClearCountFlag            text100      01244A
__end_of_I2C1_MasterClearIrq                  text104      01240E
[...]
__ptext104                                    text104      012406
__ptext105                                    text105      011FCC
__ptext11                                     text11       011992
__ptext12                                     text12       01235A
__ptext13                                     text13       012368
__ptext14                                     text14       012376
__ptext15                                     text15       01214A
__ptext16                                     text16       01122A
__ptext17                                     text17       0121F0
__ptext18                                     text18       012192
__ptext19                                     text19       011BA8
__ptext2                                      text2        0120FE
__ptext20                                     text20       010E2A
__ptext21                                     text21       011DAE
__ptext22                                     text22       010400
__ptext23                                     text23       012124
__ptext24                                     text24       0116CC
__ptext25                                     text25       01154C
__ptext26                                     text26       011746
__ptext27                                     text27       0117BC
__ptext28                                     text28       010B5C
__ptext29                                     text29       01244A
__ptext3                                      text3        011CB8
__ptext30                                     text30       01244E
__ptext31                                     text31       0110A8
__ptext32                                     text32       01116C
__ptext33                                     text33       010FE0
__ptext34                                     text34       012082
__ptext35                                     text35       011B4A
__ptext36                                     text36       0121B4
__ptext37                                     text37       011ED4
__ptext38                                     text38       0114C2
__ptext39                                     text39       0123C2
__ptext4                                      text4        01099A
__ptext40                                     text40       01202A
__ptext41                                     text41       011E4A
__ptext42                                     text42       01232A
__ptext43                                     text43       011832
__ptext44                                     text44       01220C
__ptext45                                     text45       0112E4
__ptext46                                     text46       0120AC
__ptext47                                     text47       0123D6
__ptext48                                     text48       011D0A
__ptext49                                     text49       0121D2
__ptext5                                      text5        010F16
__ptext50                                     text50       011C5E
__ptext51                                     text51       011A06
__ptext52                                     text52       01233A
__ptext53                                     text53       0118A8
__ptext54                                     text54       011A78
__ptext55                                     text55       01234A
__ptext56                                     text56       0123DE
__ptext57                                     text57       012384
__ptext58                                     text58       0123E6
__ptext59                                     text59       0120D6
__ptext6                                      text6        0123B8
__ptext60                                     text60       012452
__ptext61                                     text61       012456
__ptext62                                     text62       012392
__ptext63                                     text63       011388
__ptext64                                     text64       01164E
__ptext65                                     text65       01142C
__ptext66                                     text66       010D08
__ptext67                                     text67       012290
__ptext68                                     text68       011FFC
__ptext69                                     text69       0123A0
__ptext7                                      text7        01227A
__ptext70                                     text70       0123EE
__ptext71                                     text71       0122A6
__ptext72                                     text72       0122BC
__ptext73                                     text73       01240E
__ptext74                                     text74       012414
__ptext75                                     text75       01241A
__ptext76                                     text76       012420
__ptext77                                     text77       0122D2
__ptext78                                     text78       012426
__ptext79                                     text79       0123F6
__ptext8                                      text8        011AE6
__ptext80                                     text80       0123FE
__ptext81                                     text81       01242C
__ptext82                                     text82       012432
__ptext83                                     text83       0123CC
__ptext84                                     text84       01245A
__ptext85                                     text85       01245E
__ptext86                                     text86       011E90
__ptext87                                     text87       011F0C
__ptext88                                     text88       011F3C
__ptext89                                     text89       011F6C
__ptext9                                      text9        01191E
__ptext90                                     text90       011F9C
__ptext91                                     text91       012228
__ptext92                                     text92       0115CE
__ptext93                                     text93       01216E
__ptext94                                     text94       011D5C
__ptext95                                     text95       0122E8
__ptext96                                     text96       0122FE
__ptext97                                     text97       012314
__ptext98                                     text98       012438
__ptext99                                     text99       01243E
__ramtop                                      ramtop       002500
__smallconst                                  smallconst   000000
_buffer                                       bssBANK5     0005AA
_buffer@ssd1306_oled$F1857                    dataBIGRAM   0005DC
_cfont                                        bssCOMRAM    00053C
_dbuf                                         bssBANK5     00058A
_flags                                        bssCOMRAM    00054B
_fputc                                        text5        010F16
_height                                       text30       01244E
_i2c1_fsmStateTable                           mediumconst  00EB57
_loadPCF                                      text41       011E4A
_main                                         text0        0107D8
_memset                                       text37       011ED4
_prec                                         bssCOMRAM    000545
_printf                                       text2        0120FE
_putch                                        text6        0123B8
_rd1RegCompleteHandler                        text89       011F6C
_rd2RegCompleteHandler                        text88       011F3C
_rdBlkRegCompleteHandler                      text86       011E90
_sendCMD                                      text40       01202A
_sprintf                                      text1        011DFE
_ssd1306_command                              text34       012082
_strlen                                       text21       011DAE
_uart1RxLastError                             bssCOMRAM    00054D
_vfpfcnvrt                                    text4        01099A
_vfprintf                                     text3        011CB8
_width                                        text29       01244A
_width@doprnt$F2485                           bssCOMRAM    000543
_wr1RegCompleteHandler                        text87       011F0C
_wr2RegCompleteHandler                        text90       011F9C
end_of_initialization                         cinit        011C58
fputc@c                                       cstackCOMRAM 000503
fputc@fp                                      cstackCOMRAM 000505
intlevel0                                     text         000000
intlevel1                                     text         000000
intlevel2                                     text         000000
intlevel3                                     text         000000
isa$std                                       (abs)        000001
isa$xinst                                     (abs)        000000
loadPCF@dato                                  cstackCOMRAM 00051A
loadPCF@mode                                  cstackCOMRAM 000519
main@valor_adc                                cstackCOMRAM 00053A
memset@c                                      cstackCOMRAM 000503
memset@dest                                   cstackCOMRAM 000501
memset@n                                      cstackCOMRAM 000505
memset@p                                      cstackCOMRAM 000507
printf@ap                                     cstackCOMRAM 000525
printf@fmt                                    cstackCOMRAM 000523
putch@txData                                  cstackCOMRAM 000502
rd1RegCompleteHandler@ptr                     cstackCOMRAM 00050C
rd2RegCompleteHandler@ptr                     cstackCOMRAM 00050C
rdBlkRegCompleteHandler@ptr                   cstackCOMRAM 00050C
sendCMD@cmd                                   cstackCOMRAM 00051E
sendCMD@nibbleH                               cstackCOMRAM 00051C
sendCMD@nibbleL                               cstackCOMRAM 00051D
sprintf@ap                                    cstackCOMRAM 000529
sprintf@f                                     cstackCOMRAM 00052B
sprintf@fmt                                   cstackCOMRAM 000525
sprintf@s                                     cstackCOMRAM 000523
ssd1306_command@buffer                        cstackCOMRAM 00051C
ssd1306_command@command                       cstackCOMRAM 00051B
stackhi                                       (abs)        000000
stacklo                                       (abs)        000000
start                                         init         01FFFC
start_initialization                          cinit        011C04
strlen@a                                      cstackCOMRAM 000503
strlen@s                                      cstackCOMRAM 000501
vfpfcnvrt@ap                                  cstackCOMRAM 000510
vfpfcnvrt@c                                   cstackCOMRAM 00051A
vfpfcnvrt@convarg                             cstackCOMRAM 000516
vfpfcnvrt@cp                                  cstackCOMRAM 000514
vfpfcnvrt@fmt                                 cstackCOMRAM 00050E
vfpfcnvrt@fp                                  cstackCOMRAM 00050C
vfprintf@ap                                   cstackCOMRAM 00051F
vfprintf@cfmt                                 cstackCOMRAM 000521
vfprintf@fmt                                  cstackCOMRAM 00051D
vfprintf@fp                                   cstackCOMRAM 00051B
wr1RegCompleteHandler@ptr                     cstackCOMRAM 00050C
wr2RegCompleteHandler@ptr                     cstackCOMRAM 00050C


MODULE INFORMATION

Module		Function		Class		Link	Load	Size
C:\Program Files\Microchip\xc8\v2.46\pic\sources\c99\common\printf.c
		_printf        		CODE           	120FE	0000	38

C:\Program Files\Microchip\xc8\v2.46\pic\sources\c99\common\printf.c estimated size: 38

mcc_generated_files/examples/i2c1_master_example.c
		_wr1RegCompleteHandler		CODE           	11F0C	0000	48
		_wr2RegCompleteHandler		CODE           	11F9C	0000	48
		_I2C1_Write    		CODE           	11832	0000	118
		_rdBlkRegCompleteHandler		CODE           	11E90	0000	68
		_rd1RegCompleteHandler		CODE           	11F6C	0000	48
		_rd2RegCompleteHandler		CODE           	11F3C	0000	48
		_I2C1_WriteNBytes		CODE           	11B4A	0000	94

mcc_generated_files/examples/i2c1_master_example.c estimated size: 472

ssd1306_oled.c
		_OLED_Update   		CODE           	10FE0	0000	200
		_OLED_Write    		CODE           	10400	0000	984
		_ssd1306_command		CODE           	12082	0000	42
		_OLED_ClearDisplay		CODE           	121B4	0000	30
		_OLED_Init     		CODE           	1116C	0000	190
		_height        		CODE           	1244E	0000	4
		_OLED_Write_Text		CODE           	10E2A	0000	236
		_OLED_Rectangle		CODE           	1154C	0000	130
		_OLED_V_Line   		CODE           	11746	0000	118
		_width         		CODE           	1244A	0000	4
		_OLED_DrawPixel		CODE           	10B5C	0000	428
		_OLED_SetFont  		CODE           	116CC	0000	122
		_OLED_H_Line   		CODE           	117BC	0000	118

ssd1306_oled.c estimated size: 2606

C:\Program Files\Microchip\xc8\v2.46\pic\sources\c99\common\nf_fputc.c
		_fputc         		CODE           	10F16	0000	202

C:\Program Files\Microchip\xc8\v2.46\pic\sources\c99\common\nf_fputc.c estimated size: 202

mcc_generated_files/i2c1_master.c
		_I2C1_DO_SEND_RESTART		CODE           	12452	0000	4
		_I2C1_MasterIsNackFlagSet		CODE           	122FE	0000	22
		_I2C1_DO_RX_EMPTY		CODE           	11388	0000	164
		_I2C1_DO_TX_EMPTY		CODE           	1164E	0000	126
		_I2C1_DO_SEND_RESTART_READ		CODE           	12392	0000	14
		_I2C1_MasterClearNackFlag		CODE           	1243E	0000	6
		_I2C1_CallbackReturnStop		CODE           	1245E	0000	4
		_I2C1_DO_RX    		CODE           	1142C	0000	150
		_I2C1_DO_TX    		CODE           	10D08	0000	290
		_I2C1_SetAddressNackCallback		CODE           	1220C	0000	28
		_I2C1_DO_IDLE  		CODE           	123A0	0000	12
		_I2C1_MasterOpen		CODE           	120AC	0000	42
		_I2C1_MasterSendTxData		CODE           	123F6	0000	8
		_I2C1_MasterStop		CODE           	12414	0000	6
		_I2C1_MasterIsStopFlagSet		CODE           	122E8	0000	22
		_I2C1_CallbackReturnReset		CODE           	1245A	0000	4
		_I2C1_DO_RESET 		CODE           	1234A	0000	16
		_I2C1_Poller   		CODE           	121D2	0000	30
		_I2C1_DO_RX_ACK		CODE           	123E6	0000	8
		_I2C1_DO_TX_ACK		CODE           	123EE	0000	8
		_I2C1_MasterWaitForEvent		CODE           	11C5E	0000	90
		_I2C1_MasterSendNack		CODE           	1241A	0000	6
		_I2C1_DO_RX_NACK_RESTART		CODE           	123DE	0000	8
		_I2C1_MasterDisableIrq		CODE           	12244	0000	28
		_I2C1_ClearInterruptFlags		CODE           	11D5C	0000	82
		_I2C1_MasterOperation		CODE           	11D0A	0000	82
		_I2C1_MasterClearStopFlag		CODE           	12438	0000	6
		_I2C1_SetCallback		CODE           	115CE	0000	128
		_I2C1_MasterEnableRestart		CODE           	1242C	0000	6
		_I2C1_MasterGetCounter		CODE           	1240E	0000	6
		_I2C1_MasterSetCounter		CODE           	123FE	0000	8
		_I2C1_Open     		CODE           	112E4	0000	164
		_I2C1_DO_ADDRESS_NACK		CODE           	11A78	0000	110
		_I2C1_MasterDisableRestart		CODE           	12432	0000	6
		_I2C1_MasterClearCountFlag		CODE           	12444	0000	6
		_I2C1_SetBuffer		CODE           	1216E	0000	36
		_I2C1_DO_SEND_RESTART_WRITE		CODE           	12456	0000	4
		_I2C1_MasterIsTxBufEmpty		CODE           	122A6	0000	22
		_I2C1_MasterClose		CODE           	123AC	0000	12
		_I2C1_MasterWrite		CODE           	123D6	0000	8
		_I2C1_Initialize		CODE           	12192	0000	34
		_I2C1_Close    		CODE           	12056	0000	44
		_I2C1_MasterIsRxBufFull		CODE           	122D2	0000	22
		_I2C1_MasterIsNack		CODE           	122BC	0000	22
		_I2C1_DO_SEND_ADR_WRITE		CODE           	12290	0000	22
		_I2C1_MasterClearIrq		CODE           	12406	0000	8
		_I2C1_SetDataCompleteCallback		CODE           	12228	0000	28
		_I2C1_DO_SEND_STOP		CODE           	120D6	0000	40
		_I2C1_DO_BUS_COLLISION		CODE           	118A8	0000	118
		_I2C1_DO_BUS_ERROR		CODE           	1233A	0000	16
		_I2C1_MasterSendAck		CODE           	12420	0000	6
		_I2C1_MasterFsm		CODE           	11A06	0000	114
		_I2C1_MasterGetRxData		CODE           	12426	0000	6
		_I2C1_MasterResetBus		CODE           	123CC	0000	10
		_I2C1_MasterIsCountFlagSet		CODE           	12314	0000	22
		_I2C1_DO_SEND_ADR_READ		CODE           	11FFC	0000	46
		_I2C1_DO_RX_NACK_STOP		CODE           	12384	0000	14

mcc_generated_files/i2c1_master.c estimated size: 2354

C:\Program Files\Microchip\xc8\v2.46\pic\sources\c99\common\lwdiv.c
		___lwdiv       		CODE           	1191E	0000	116

C:\Program Files\Microchip\xc8\v2.46\pic\sources\c99\common\lwdiv.c estimated size: 116

C:\Program Files\Microchip\xc8\v2.46\pic\sources\c99\common\awdiv.c
		___awdiv       		CODE           	110A8	0000	196

C:\Program Files\Microchip\xc8\v2.46\pic\sources\c99\common\awdiv.c estimated size: 196

mcc_generated_files/pin_manager.c
		_PIN_MANAGER_Initialize		CODE           	1122A	0000	186

mcc_generated_files/pin_manager.c estimated size: 186

C:\Program Files\Microchip\xc8\v2.46\pic\sources\c99\common\strlen.c
		_strlen        		CODE           	11DAE	0000	80

C:\Program Files\Microchip\xc8\v2.46\pic\sources\c99\common\strlen.c estimated size: 80

C:\Program Files\Microchip\xc8\v2.46\pic\sources\c99\common\memset.c
		_memset        		CODE           	11ED4	0000	56

C:\Program Files\Microchip\xc8\v2.46\pic\sources\c99\common\memset.c estimated size: 56

C:\Program Files\Microchip\xc8\v2.46\pic\sources\c99\common\doprnt.c
		_vfpfcnvrt     		CODE           	1099A	0000	450
		_vfprintf      		CODE           	11CB8	0000	82

C:\Program Files\Microchip\xc8\v2.46\pic\sources\c99\common\doprnt.c estimated size: 532

C:\Program Files\Microchip\xc8\v2.46\pic\sources\c99\common\nf_sprintf.c
		_sprintf       		CODE           	11DFE	0000	76

C:\Program Files\Microchip\xc8\v2.46\pic\sources\c99\common\nf_sprintf.c estimated size: 76

mcc_generated_files/uart1.c
		_UART1_Write   		CODE           	1227A	0000	22
		_putch         		CODE           	123B8	0000	10
		_UART1_SetFramingErrorHandler		CODE           	12368	0000	14
		_UART1_SetOverrunErrorHandler		CODE           	1235A	0000	14
		_UART1_Initialize		CODE           	11992	0000	116
		_UART1_SetErrorHandler		CODE           	12376	0000	14

mcc_generated_files/uart1.c estimated size: 190

shared
		_FONT_1        		MEDIUMCONST    	FD68	0000	581
		__initialization		CODE           	11C04	0000	84
		_FONT_2        		MEDIUMCONST    	F774	0000	1524
		_i2c1_fsmStateTable		MEDIUMCONST    	EB57	0000	57
		_FONT_3        		MEDIUMCONST    	EB90	0000	3044

shared estimated size: 5290

C:\Program Files\Microchip\xc8\v2.46\pic\sources\c99\common\Umul16.c
		___wmul        		CODE           	12124	0000	38

C:\Program Files\Microchip\xc8\v2.46\pic\sources\c99\common\Umul16.c estimated size: 38

mcc_generated_files/mcc.c
		_PMD_Initialize		CODE           	1214A	0000	36
		_OSCILLATOR_Initialize		CODE           	121F0	0000	28
		_SYSTEM_Initialize		CODE           	12260	0000	26

mcc_generated_files/mcc.c estimated size: 90

LCD_I2C_LIB.c
		_loadPCF       		CODE           	11E4A	0000	70
		_sendCMD       		CODE           	1202A	0000	44
		_PCF_Wr        		CODE           	1232A	0000	16
		_I2C_LCD_Cmd   		CODE           	123C2	0000	10
		_I2C_LCD_Init  		CODE           	114C2	0000	138

LCD_I2C_LIB.c estimated size: 278

C:\Program Files\Microchip\xc8\v2.46\pic\sources\c99\common\lwmod.c
		___lwmod       		CODE           	11AE6	0000	100

C:\Program Files\Microchip\xc8\v2.46\pic\sources\c99\common\lwmod.c estimated size: 100

mcc_generated_files/adcc.c
		_ADCC_GetSingleConversion		CODE           	11FCC	0000	48
		_ADCC_Initialize		CODE           	11BA8	0000	92

mcc_generated_files/adcc.c estimated size: 140

main.c
		_main          		CODE           	107D8	0000	450

main.c estimated size: 450

