Microchip MPLAB XC8 Compiler V2.32

Linker command line:

-W-3 --edf=C:\Program Files\Microchip\xc8\v2.32\pic\dat\en_msgs.txt -cn \
  -h+dist/default/production\OLED_Datos.X.production.sym \
  --cmf=dist/default/production\OLED_Datos.X.production.cmf -z -Q18F4550 \
  -oC:\Users\DELL\AppData\Local\Temp\xcAs66s.4 --defsym=__MPLAB_BUILD=1 \
  -Mdist/default/production/OLED_Datos.X.production.map -E1 \
  -ver=XC8 Compiler --acfsm=1493 -ASTACK=0A9h-03FFh -pstack=STACK \
  -ACODE=00h-07FFFh -ACONST=00h-07FFFh -ASMALLCONST=0800h-08FFhx120 \
  -AMEDIUMCONST=0800h-07FFFh -ACOMRAM=01h-05Fh -AABS1=00h-07FFh \
  -ABIGRAM=01h-07FFh -ARAM=060h-0FFh,0100h-01FFhx7 -ABANK0=060h-0FFh \
  -ABANK1=0100h-01FFh -ABANK2=0200h-02FFh -ABANK3=0300h-03FFh \
  -ABANK4=0400h-04FFh -ABANK5=0500h-05FFh -ABANK6=0600h-06FFh \
  -ABANK7=0700h-07FFh -ASFR=0F60h-0FFFh -ACONFIG=0300000h-030000Dh \
  -AIDLOC=0200000h-0200007h -AEEDATA=0F00000h-0F000FFh -peeprom_data=EEDATA \
  -preset_vec=00h,intcode,intcodelo,powerup,init -pramtop=0800h \
  -psmallconst=SMALLCONST -pmediumconst=MEDIUMCONST -pconst=CONST \
  -AFARRAM=00h-00h \
  -prdata=COMRAM,nvrram=COMRAM,nvbit=COMRAM,rbss=COMRAM,rbit=COMRAM \
  -pfarbss=FARRAM,fardata=FARRAM,nvFARRAM=FARRAM \
  -pintsave_regs=BIGRAM,bigbss=BIGRAM,bigdata=BIGRAM -pbss=RAM \
  -pidata=CODE,irdata=CODE,ibigdata=CODE,ifardata=CODE -prparam=COMRAM \
  C:\Users\DELL\AppData\Local\Temp\xcAs66s.o \
  dist/default/production\OLED_Datos.X.production.o 

Object code version is 3.11

Machine type is 18F4550



                Name                               Link     Load   Length Selector   Space Scale
C:\Users\DELL\AppData\Local\Temp\xcAs66s.o
                idloc                            200000   200000        8        0       5
                config                           300000   300000        E        0       4
                init                                  0        0        4        0       0
dist/default/production\OLED_Datos.X.production.o
                idloc                            200000   200000        8        0       5
                config                           300000   300000        E        0       4
                mediumconst                        6BBE     6BBE     1442     35DF       0
                text33                             50EA     50EA       10     2875       0
                text32                             5262     5262       46     2931       0
                text31                             51DC     51DC       42     28EE       0
                text30                             5D06     5D06      176     2E83       0
                text29                             513C     513C       1E     289E       0
                text28                             50FA     50FA       14     287D       0
                text27                             510E     510E       14     2887       0
                text26                             5122     5122       1A     2891       0
                text25                             515A     515A       1E     28AD       0
                text24                             5584     5584       8E     2AC2       0
                text23                             5612     5612       BE     2B09       0
                text22                             5792     5792       C4     2BC9       0
                text21                             50E2     50E2        4     2871       0
                text20                             50E6     50E6        4     2873       0
                text19                             600E     600E      1CC     3007       0
                text18                             5416     5416       76     2A0B       0
                text17                             548C     548C       76     2A46       0
                text16                             5502     5502       82     2A81       0
                text15                             53AA     53AA       6C     29D5       0
                text14                             5178     5178       26     28BC       0
                text13                             63DA     63DA      3E4     31ED       0
                text12                             52A8     52A8       4E     2954       0
                text11                             59F0     59F0       F0     2CF8       0
                text10                             5AE0     5AE0       F0     2D70       0
                text9                              5920     5920       D0     2C90       0
                text8                              50E0     50E0        2     2870       0
                text7                              5856     5856       CA     2C2B       0
                text6                              521E     521E       44     290F       0
                text5                              56D0     56D0       C2     2B68       0
                text4                              61DA     61DA      200     30ED       0
                text3                              5E7C     5E7C      192     2F3E       0
                text2                              5348     5348       62     29A4       0
                text1                              52F6     52F6       52     297B       0
                text0                              5BD0     5BD0      136     2DE8       0
                cstackCOMRAM                          1        1       5D        1       1
                cstackBANK0                          A1       A1        8       60       1
                dataBIGRAM                          400      400      400      400       1
                bssBANK0                             60       60       41       60       1
                bssCOMRAM                            5E       5E        2        1       1
                cinit                              519E     519E       3E     28CF       0
                idataBIGRAM                        67BE     67BE      400     67BE       0

TOTAL           Name                               Link     Load   Length     Space
        CLASS   STACK          

        CLASS   CODE           
                init                                  0        0        4         0
                text33                             50EA     50EA       10         0
                text32                             5262     5262       46         0
                text31                             51DC     51DC       42         0
                text30                             5D06     5D06      176         0
                text29                             513C     513C       1E         0
                text28                             50FA     50FA       14         0
                text27                             510E     510E       14         0
                text26                             5122     5122       1A         0
                text25                             515A     515A       1E         0
                text24                             5584     5584       8E         0
                text23                             5612     5612       BE         0
                text22                             5792     5792       C4         0
                text21                             50E2     50E2        4         0
                text20                             50E6     50E6        4         0
                text19                             600E     600E      1CC         0
                text18                             5416     5416       76         0
                text17                             548C     548C       76         0
                text16                             5502     5502       82         0
                text15                             53AA     53AA       6C         0
                text14                             5178     5178       26         0
                text13                             63DA     63DA      3E4         0
                text12                             52A8     52A8       4E         0
                text11                             59F0     59F0       F0         0
                text10                             5AE0     5AE0       F0         0
                text9                              5920     5920       D0         0
                text8                              50E0     50E0        2         0
                text7                              5856     5856       CA         0
                text6                              521E     521E       44         0
                text5                              56D0     56D0       C2         0
                text4                              61DA     61DA      200         0
                text3                              5E7C     5E7C      192         0
                text2                              5348     5348       62         0
                text1                              52F6     52F6       52         0
                text0                              5BD0     5BD0      136         0
                cinit                              519E     519E       3E         0
                idataBIGRAM                        67BE     67BE      400         0

        CLASS   CONST          

        CLASS   SMALLCONST     

        CLASS   MEDIUMCONST    
                mediumconst                        6BBE     6BBE     1442         0

        CLASS   COMRAM         
                cstackCOMRAM                          1        1       5D         1
                bssCOMRAM                            5E       5E        2         1

        CLASS   ABS1           

        CLASS   BIGRAM         
                dataBIGRAM                          400      400      400         1

        CLASS   RAM            

        CLASS   BANK0          
                cstackBANK0                          A1       A1        8         1
                bssBANK0                             60       60       41         1

        CLASS   BANK1          

        CLASS   BANK2          

        CLASS   BANK3          

        CLASS   BANK4          

        CLASS   BANK5          

        CLASS   BANK6          

        CLASS   BANK7          

        CLASS   SFR            

        CLASS   CONFIG         
                config                           300000   300000        E         4

        CLASS   IDLOC          
                idloc                            200000   200000        8         5

        CLASS   EEDATA         

        CLASS   FARRAM         



SEGMENTS        Name                           Load    Length   Top    Selector   Space  Class

                reset_vec                      000000  000004  000004         0       0  CODE    
                cstackCOMRAM                   000001  00005F  000060         1       1  COMRAM  
                bssBANK0                       000060  000049  0000A9        60       1  BANK0   
                dataBIGRAM                     000400  000400  000800       400       1  BIGRAM  
                text8                          0050E0  000002  0050E2      2870       0  CODE    
                text21                         0050E2  000004  0050E6      2871       0  CODE    
                text20                         0050E6  000004  0050EA      2873       0  CODE    
                text33                         0050EA  000010  0050FA      2875       0  CODE    
                text28                         0050FA  000014  00510E      287D       0  CODE    
                text27                         00510E  000014  005122      2887       0  CODE    
                text26                         005122  00001A  00513C      2891       0  CODE    
                text29                         00513C  00001E  00515A      289E       0  CODE    
                text25                         00515A  00001E  005178      28AD       0  CODE    
                text14                         005178  000026  00519E      28BC       0  CODE    
                cinit                          00519E  00003E  0051DC      28CF       0  CODE    
                text31                         0051DC  000042  00521E      28EE       0  CODE    
                text6                          00521E  000044  005262      290F       0  CODE    
                text32                         005262  000046  0052A8      2931       0  CODE    
                text12                         0052A8  00004E  0052F6      2954       0  CODE    
                text1                          0052F6  000052  005348      297B       0  CODE    
                text2                          005348  000062  0053AA      29A4       0  CODE    
                text15                         0053AA  00006C  005416      29D5       0  CODE    
                text18                         005416  000076  00548C      2A0B       0  CODE    
                text17                         00548C  000076  005502      2A46       0  CODE    
                text16                         005502  000082  005584      2A81       0  CODE    
                text24                         005584  00008E  005612      2AC2       0  CODE    
                text23                         005612  0000BE  0056D0      2B09       0  CODE    
                text5                          0056D0  0000C2  005792      2B68       0  CODE    
                text22                         005792  0000C4  005856      2BC9       0  CODE    
                text7                          005856  0000CA  005920      2C2B       0  CODE    
                text9                          005920  0000D0  0059F0      2C90       0  CODE    
                text11                         0059F0  0000F0  005AE0      2CF8       0  CODE    
                text10                         005AE0  0000F0  005BD0      2D70       0  CODE    
                text0                          005BD0  000136  005D06      2DE8       0  CODE    
                text30                         005D06  000176  005E7C      2E83       0  CODE    
                text3                          005E7C  000192  00600E      2F3E       0  CODE    
                text19                         00600E  0001CC  0061DA      3007       0  CODE    
                text4                          0061DA  000200  0063DA      30ED       0  CODE    
                text13                         0063DA  0003E4  0067BE      31ED       0  CODE    
                idataBIGRAM                    0067BE  000400  006BBE      67BE       0  CODE    
                mediumconst                    006BBE  001442  008000      35DF       0  MEDIUMCO


UNUSED ADDRESS RANGES

        Name                Unused          Largest block    Delta
        BANK0            0000A9-0000FF               57
        BANK1            000100-0001FF              100
        BANK2            000200-0002FF              100
        BANK3            000300-0003FF              100
        BIGRAM           0000A9-0003FF              357
        CODE             000004-0050DF             50DC
        CONST            000004-0050DF             50DC
        EEDATA           F00000-F000FF              100
        MEDIUMCONST      000800-0050DF             48E0
        RAM              0000A9-0003FF              100
        SFR              000F60-000FFF               A0
        SMALLCONST       000800-0050DF              100
        STACK            0000A9-0003FF              357

                                  Symbol Table

?_ADC_Read                  cstackCOMRAM 000001
?___awdiv                   cstackCOMRAM 000001
?___lodiv                   cstackCOMRAM 000001
?___lomod                   cstackCOMRAM 000001
?___wmul                    cstackCOMRAM 000009
?_pad                       cstackCOMRAM 000011
?_sprintf                   cstackCOMRAM 000056
?_strlen                    cstackCOMRAM 000001
?_utoa                      cstackCOMRAM 00001C
?_vfpfcnvrt                 cstackCOMRAM 00003C
?_vfprintf                  cstackCOMRAM 00004E
ADC_Init@p_ang              cstackCOMRAM 000001
ADC_Read@ch                 cstackCOMRAM 000003
I2C_Init_Master@sp_i2c      cstackCOMRAM 000001
I2C_Write@data              cstackCOMRAM 000001
OLED_DrawPixel@color        cstackCOMRAM 00000D
OLED_DrawPixel@x            cstackCOMRAM 000009
OLED_DrawPixel@y            cstackCOMRAM 00000B
OLED_H_Line@color           cstackCOMRAM 000019
OLED_H_Line@temp            cstackCOMRAM 00001B
OLED_H_Line@x_end           cstackCOMRAM 000015
OLED_H_Line@x_start         cstackCOMRAM 000013
OLED_H_Line@y_pos           cstackCOMRAM 000017
OLED_Rectangle@color        cstackCOMRAM 000025
OLED_Rectangle@x1           cstackCOMRAM 00001D
OLED_Rectangle@x2           cstackCOMRAM 000021
OLED_Rectangle@y1           cstackCOMRAM 00001F
OLED_Rectangle@y2           cstackCOMRAM 000023
OLED_SetFont@font           cstackCOMRAM 000001
OLED_Update@i               cstackCOMRAM 000004
OLED_Update@x               cstackCOMRAM 000003
OLED_V_Line@color           cstackCOMRAM 000019
OLED_V_Line@temp            cstackCOMRAM 00001B
OLED_V_Line@x_pos           cstackCOMRAM 000017
OLED_V_Line@y_end           cstackCOMRAM 000015
OLED_V_Line@y_start         cstackCOMRAM 000013
OLED_Write@b                cstackCOMRAM 00002D
OLED_Write@cbit             cstackCOMRAM 000021
OLED_Write@cbyte            cstackCOMRAM 00001F
OLED_Write@cnt              cstackCOMRAM 00002B
OLED_Write@cx               cstackCOMRAM 000025
OLED_Write@cy               cstackCOMRAM 000027
OLED_Write@font_idx         cstackCOMRAM 000023
OLED_Write@rowcnt           cstackCOMRAM 000029
OLED_Write@temp             cstackCOMRAM 00001D
OLED_Write@value            cstackCOMRAM 000017
OLED_Write@x                cstackCOMRAM 000013
OLED_Write@y                cstackCOMRAM 000015
OLED_Write_Text@cnt         cstackCOMRAM 000036
OLED_Write_Text@length      cstackCOMRAM 000037
OLED_Write_Text@text        cstackCOMRAM 000032
OLED_Write_Text@x           cstackCOMRAM 00002E
OLED_Write_Text@y           cstackCOMRAM 000030
_ADCON0                     (abs)        000FC2
_ADCON0bits                 (abs)        000FC2
_ADCON1                     (abs)        000FC1
_ADCON2                     (abs)        000FC0
_ADC_Init                   text33       0050EA
_ADC_Read                   text32       005262
_ADRES                      (abs)        000FC3
_FONT_1                     mediumconst  007D97
_FONT_2                     mediumconst  0077A3
_FONT_3                     mediumconst  006BBF
_I2C_Init_Master            text31       0051DC
_I2C_Start                  text28       0050FA
_I2C_Stop                   text27       00510E
_I2C_Write                  text26       005122
_LATDbits                   (abs)        000F8C
_OLED_ClearDisplay          text29       00513C
_OLED_DrawPixel             text19       00600E
_OLED_H_Line                text18       005416
_OLED_Init                  text23       005612
_OLED_Rectangle             text16       005502
_OLED_SetFont               text15       0053AA
_OLED_Update                text24       005584
_OLED_V_Line                text17       00548C
_OLED_Write                 text13       0063DA
_OLED_Write$1385            cstackCOMRAM 00001B
_OLED_Write_Text            text11       0059F0
_PIR1bits                   (abs)        000F9E
_SSPADD                     (abs)        000FC8
_SSPBUF                     (abs)        000FC9
_SSPCON1                    (abs)        000FC6
_SSPCON2                    (abs)        000FC5
_SSPCON2bits                (abs)        000FC5
_SSPSTAT                    (abs)        000FC7
_TRISBbits                  (abs)        000F93
_TRISDbits                  (abs)        000F95
__HRAM                      (abs)        000000
__Habs1                     abs1         000000
__Hbank0                    bank0        000000
__Hbank1                    bank1        000000
__Hbank2                    bank2        000000
__Hbank3                    bank3        000000
__Hbank4                    bank4        000000
__Hbank5                    bank5        000000
__Hbank6                    bank6        000000
__Hbank7                    bank7        000000
__Hbigbss                   bigbss       000000
__Hbigdata                  bigdata      000000
__Hbigram                   bigram       000000
__Hbss                      bss          000000
__HbssBANK0                 bssBANK0     000000
__HbssCOMRAM                bssCOMRAM    000000
__Hcinit                    cinit        000000
__Hclrtext                  clrtext      000000
__Hcomram                   comram       000000
__Hconfig                   config       30000E
__Hconst                    const        000000
__HcstackBANK0              cstackBANK0  000000
__HcstackCOMRAM             cstackCOMRAM 000000
__Hdata                     data         000000
__HdataBIGRAM               dataBIGRAM   000000
__Heeprom_data              eeprom_data  000000
__Hfarbss                   farbss       000000
__Hfardata                  fardata      000000
__Hibigdata                 ibigdata     000000
__Hidata                    idata        000000
__HidataBIGRAM              idataBIGRAM  000000
__Hidloc                    idloc        200008
__Hifardata                 ifardata     000000
__Hinit                     init         000004
__Hintcode                  intcode      000000
__Hintcode_body             intcode_body 000000
__Hintcodelo                intcodelo    000000
__Hintentry                 intentry     000000
__Hintret                   intret       000000
__Hintsave_regs             intsave_regs 000000
__Hirdata                   irdata       000000
__Hmediumconst              mediumconst  008000
__HnvFARRAM                 nvFARRAM     000000
__Hnvbit                    nvbit        000000
__Hnvrram                   nvrram       000000
__Hparam                    rparam       000000
__Hpowerup                  powerup      000000
__Hram                      ram          000000
__Hramtop                   ramtop       000800
__Hrbit                     rbit         000000
__Hrbss                     rbss         000000
__Hrdata                    rdata        000000
__Hreset_vec                reset_vec    000000
__Hrparam                   rparam       000000
__Hsfr                      sfr          000000
__Hsmallconst               smallconst   000000
__Hspace_0                  (abs)        008000
__Hspace_1                  (abs)        000800
__Hspace_2                  (abs)        000000
__Hspace_4                  (abs)        60000E
__Hstack                    stack        000000
__Hstruct                   struct       000000
__Htemp                     temp         000000
__Htext                     text         000000
__Htext0                    text0        000000
__Htext1                    text1        000000
__Htext10                   text10       000000
__Htext11                   text11       000000
__Htext12                   text12       000000
__Htext13                   text13       000000
__Htext14                   text14       000000
__Htext15                   text15       000000
__Htext16                   text16       000000
__Htext17                   text17       000000
__Htext18                   text18       000000
__Htext19                   text19       000000
__Htext2                    text2        000000
__Htext20                   text20       000000
__Htext21                   text21       000000
__Htext22                   text22       000000
__Htext23                   text23       000000
__Htext24                   text24       000000
__Htext25                   text25       000000
__Htext26                   text26       000000
__Htext27                   text27       000000
__Htext28                   text28       000000
__Htext29                   text29       000000
__Htext3                    text3        000000
__Htext30                   text30       000000
__Htext31                   text31       000000
__Htext32                   text32       000000
__Htext33                   text33       000000
__Htext4                    text4        000000
__Htext5                    text5        000000
__Htext6                    text6        000000
__Htext7                    text7        000000
__Htext8                    text8        000000
__Htext9                    text9        000000
__LRAM                      (abs)        000001
__Labs1                     abs1         000000
__Lbank0                    bank0        000000
__Lbank1                    bank1        000000
__Lbank2                    bank2        000000
__Lbank3                    bank3        000000
__Lbank4                    bank4        000000
__Lbank5                    bank5        000000
__Lbank6                    bank6        000000
__Lbank7                    bank7        000000
__Lbigbss                   bigbss       000000
__Lbigdata                  bigdata      000000
__Lbigram                   bigram       000000
__Lbss                      bss          000000
__LbssBANK0                 bssBANK0     000000
__LbssCOMRAM                bssCOMRAM    000000
__Lcinit                    cinit        000000
__Lclrtext                  clrtext      000000
__Lcomram                   comram       000000
__Lconfig                   config       000000
__Lconst                    const        000000
__LcstackBANK0              cstackBANK0  000000
__LcstackCOMRAM             cstackCOMRAM 000000
__Ldata                     data         000000
__LdataBIGRAM               dataBIGRAM   000000
__Leeprom_data              eeprom_data  000000
__Lfarbss                   farbss       000000
__Lfardata                  fardata      000000
__Libigdata                 ibigdata     000000
__Lidata                    idata        000000
__LidataBIGRAM              idataBIGRAM  000000
__Lidloc                    idloc        000000
__Lifardata                 ifardata     000000
__Linit                     init         000000
__Lintcode                  intcode      000000
__Lintcode_body             intcode_body 000000
__Lintcodelo                intcodelo    000000
__Lintentry                 intentry     000000
__Lintret                   intret       000000
__Lintsave_regs             intsave_regs 000000
__Lirdata                   irdata       000000
__Lmediumconst              mediumconst  006BBE
__LnvFARRAM                 nvFARRAM     000000
__Lnvbit                    nvbit        000000
__Lnvrram                   nvrram       000000
__Lparam                    rparam       000000
__Lpowerup                  powerup      000000
__Lram                      ram          000000
__Lramtop                   ramtop       000800
__Lrbit                     rbit         000000
__Lrbss                     rbss         000000
__Lrdata                    rdata        000000
__Lreset_vec                reset_vec    000000
__Lrparam                   rparam       000000
__Lsfr                      sfr          000000
__Lsmallconst               smallconst   000000
__Lspace_0                  (abs)        000000
__Lspace_1                  (abs)        000000
__Lspace_2                  (abs)        000000
__Lspace_4                  (abs)        000000
__Lstack                    stack        000000
__Lstruct                   struct       000000
__Ltemp                     temp         000000
__Ltext                     text         000000
__Ltext0                    text0        000000
__Ltext1                    text1        000000
__Ltext10                   text10       000000
__Ltext11                   text11       000000
__Ltext12                   text12       000000
__Ltext13                   text13       000000
__Ltext14                   text14       000000
__Ltext15                   text15       000000
__Ltext16                   text16       000000
__Ltext17                   text17       000000
__Ltext18                   text18       000000
__Ltext19                   text19       000000
__Ltext2                    text2        000000
__Ltext20                   text20       000000
__Ltext21                   text21       000000
__Ltext22                   text22       000000
__Ltext23                   text23       000000
__Ltext24                   text24       000000
__Ltext25                   text25       000000
__Ltext26                   text26       000000
__Ltext27                   text27       000000
__Ltext28                   text28       000000
__Ltext29                   text29       000000
__Ltext3                    text3        000000
__Ltext30                   text30       000000
__Ltext31                   text31       000000
__Ltext32                   text32       000000
__Ltext33                   text33       000000
__Ltext4                    text4        000000
__Ltext5                    text5        000000
__Ltext6                    text6        000000
__Ltext7                    text7        000000
__Ltext8                    text8        000000
__Ltext9                    text9        000000
__S0                        (abs)        008000
__S1                        (abs)        000800
__S2                        (abs)        000000
__S4                        (abs)        000000
__S5                        (abs)        000000
___awdiv                    text22       005792
___awdiv@counter            cstackCOMRAM 000005
___awdiv@dividend           cstackCOMRAM 000001
___awdiv@divisor            cstackCOMRAM 000003
___awdiv@quotient           cstackCOMRAM 000007
___awdiv@sign               cstackCOMRAM 000006
___inthi_sp                 stack        000000
___intlo_sp                 stack        000000
___lodiv                    text10       005AE0
___lodiv@counter            cstackCOMRAM 000019
___lodiv@dividend           cstackCOMRAM 000001
___lodiv@divisor            cstackCOMRAM 000009
___lodiv@quotient           cstackCOMRAM 000011
___lomod                    text9        005920
___lomod@counter            cstackCOMRAM 000011
___lomod@dividend           cstackCOMRAM 000001
___lomod@divisor            cstackCOMRAM 000009
___param_bank               (abs)        000000
___rparam_used              (abs)        000001
___sp                       stack        000000
___wmul                     text14       005178
___wmul@multiplicand        cstackCOMRAM 00000B
___wmul@multiplier          cstackCOMRAM 000009
___wmul@product             cstackCOMRAM 00000D
__accesstop                 (abs)        000060
__activetblptr              (abs)        000002
__end_of_ADC_Init           text33       0050FA
__end_of_ADC_Read           text32       0052A8
__end_of_FONT_1             mediumconst  007FDC
__end_of_FONT_2             mediumconst  007D97
__end_of_FONT_3             mediumconst  0077A3
__end_of_I2C_Init_Master    text31       00521E
__end_of_I2C_Start          text28       00510E
__end_of_I2C_Stop           text27       005122
__end_of_I2C_Write          text26       00513C
__end_of_OLED_ClearDisplay  text29       00515A
__end_of_OLED_DrawPixel     text19       0061DA
__end_of_OLED_H_Line        text18       00548C
__end_of_OLED_Init          text23       0056D0
__end_of_OLED_Rectangle     text16       005584
__end_of_OLED_SetFont       text15       005416
__end_of_OLED_Update        text24       005612
__end_of_OLED_V_Line        text17       005502
__end_of_OLED_Write         text13       0067BE
__end_of_OLED_Write_Text    text11       005AE0
__end_of___awdiv            text22       005856
__end_of___lodiv            text10       005BD0
__end_of___lomod            text9        0059F0
__end_of___wmul             text14       00519E
__end_of__initialization    cinit        0051D2
__end_of_fputc              text7        005920
__end_of_fputs              text6        005262
__end_of_height             text21       0050E6
__end_of_main               text0        005D06
__end_of_memset             text30       005E7C
__end_of_pad                text5        005792
__end_of_putch              text8        0050E2
__end_of_sprintf            text1        005348
__end_of_ssd1306_command    text25       005178
__end_of_strlen             text12       0052F6
__end_of_utoa               text4        0063DA
__end_of_vfpfcnvrt          text3        00600E
__end_of_vfprintf           text2        0053AA
__end_of_width              text20       0050EA
__initialization            cinit        00519E
__mediumconst               mediumconst  006BBE
__pbssBANK0                 bssBANK0     000060
__pbssCOMRAM                bssCOMRAM    00005E
__pcinit                    cinit        00519E
__pcstackBANK0              cstackBANK0  0000A1
__pcstackCOMRAM             cstackCOMRAM 000001
__pdataBIGRAM               dataBIGRAM   000400
__pidataBIGRAM              idataBIGRAM  0067BE
__pmediumconst              mediumconst  006BBE
__ptext0                    text0        005BD0
__ptext1                    text1        0052F6
__ptext10                   text10       005AE0
__ptext11                   text11       0059F0
__ptext12                   text12       0052A8
__ptext13                   text13       0063DA
__ptext14                   text14       005178
__ptext15                   text15       0053AA
__ptext16                   text16       005502
__ptext17                   text17       00548C
__ptext18                   text18       005416
__ptext19                   text19       00600E
__ptext2                    text2        005348
__ptext20                   text20       0050E6
__ptext21                   text21       0050E2
__ptext22                   text22       005792
__ptext23                   text23       005612
__ptext24                   text24       005584
__ptext25                   text25       00515A
__ptext26                   text26       005122
__ptext27                   text27       00510E
__ptext28                   text28       0050FA
__ptext29                   text29       00513C
__ptext3                    text3        005E7C
__ptext30                   text30       005D06
__ptext31                   text31       0051DC
__ptext32                   text32       005262
__ptext33                   text33       0050EA
__ptext4                    text4        0061DA
__ptext5                    text5        0056D0
__ptext6                    text6        00521E
__ptext7                    text7        005856
__ptext8                    text8        0050E0
__ptext9                    text9        005920
__ramtop                    ramtop       000800
__size_of_ADC_Init          (abs)        000000
__size_of_ADC_Read          (abs)        000000
__size_of_I2C_Init_Master   (abs)        000000
__size_of_I2C_Start         (abs)        000000
__size_of_I2C_Stop          (abs)        000000
__size_of_I2C_Write         (abs)        000000
__size_of_OLED_ClearDisplay (abs)        000000
__size_of_OLED_DrawPixel    (abs)        000000
__size_of_OLED_H_Line       (abs)        000000
__size_of_OLED_Init         (abs)        000000
__size_of_OLED_Rectangle    (abs)        000000
__size_of_OLED_SetFont      (abs)        000000
__size_of_OLED_Update       (abs)        000000
__size_of_OLED_V_Line       (abs)        000000
__size_of_OLED_Write        (abs)        000000
__size_of_OLED_Write_Text   (abs)        000000
__size_of___awdiv           (abs)        000000
__size_of___lodiv           (abs)        000000
__size_of___lomod           (abs)        000000
__size_of___wmul            (abs)        000000
__size_of_fputc             (abs)        000000
__size_of_fputs             (abs)        000000
__size_of_height            (abs)        000000
__size_of_main              (abs)        000000
__size_of_memset            (abs)        000000
__size_of_pad               (abs)        000000
__size_of_putch             (abs)        000000
__size_of_sprintf           (abs)        000000
__size_of_ssd1306_command   (abs)        000000
__size_of_strlen            (abs)        000000
__size_of_utoa              (abs)        000000
__size_of_vfpfcnvrt         (abs)        000000
__size_of_vfprintf          (abs)        000000
__size_of_width             (abs)        000000
__smallconst                smallconst   000000
_buffer                     bssBANK0     00008D
_buffer@ssd1306_oled$F465   dataBIGRAM   000400
_cfont                      bssBANK0     000060
_dbuf                       bssBANK0     00006D
_flags                      bssCOMRAM    00005E
_fputc                      text7        005856
_fputs                      text6        00521E
_height                     text21       0050E2
_main                       text0        005BD0
_memset                     text30       005D06
_nout                       bssBANK0     000067
_pad                        text5        0056D0
_prec                       bssBANK0     00006B
_putch                      text8        0050E0
_sprintf                    text1        0052F6
_ssd1306_command            text25       00515A
_strlen                     text12       0052A8
_utoa                       text4        0061DA
_vfpfcnvrt                  text3        005E7C
_vfprintf                   text2        005348
_width                      text20       0050E6
_width@doprnt$F1078         bssBANK0     000069
end_of_initialization       cinit        0051D2
fputc@c                     cstackCOMRAM 000001
fputc@fp                    cstackCOMRAM 000003
fputs@c                     cstackCOMRAM 00000E
fputs@fp                    cstackCOMRAM 00000C
fputs@i                     cstackCOMRAM 00000F
fputs@s                     cstackCOMRAM 00000A
intlevel0                   text         000000
intlevel1                   text         000000
intlevel2                   text         000000
intlevel3                   text         000000
isa$std                     (abs)        000001
isa$xinst                   (abs)        000000
main@valor_adc              cstackCOMRAM 00005C
memset@c                    cstackCOMRAM 000003
memset@dest                 cstackCOMRAM 000001
memset@k                    cstackCOMRAM 000009
memset@n                    cstackCOMRAM 000005
memset@s                    cstackCOMRAM 00000B
pad@buf                     cstackCOMRAM 000013
pad@fp                      cstackCOMRAM 000011
pad@i                       cstackCOMRAM 000018
pad@p                       cstackCOMRAM 000015
pad@w                       cstackCOMRAM 00001A
sprintf@ap                  cstackBANK0  0000A1
sprintf@f                   cstackBANK0  0000A3
sprintf@fmt                 cstackCOMRAM 000058
sprintf@s                   cstackCOMRAM 000056
ssd1306_command@command     cstackCOMRAM 000002
stackhi                     (abs)        0003FF
stacklo                     (abs)        0000A9
start                       init         000000
start_initialization        cinit        00519E
strlen@a                    cstackCOMRAM 000003
strlen@s                    cstackCOMRAM 000001
utoa@d                      cstackCOMRAM 00001E
utoa@fp                     cstackCOMRAM 00001C
utoa@i                      cstackCOMRAM 00003A
utoa@n                      cstackCOMRAM 000032
utoa@p                      cstackCOMRAM 00002E
utoa@w                      cstackCOMRAM 000030
vfpfcnvrt@ap                cstackCOMRAM 000040
vfpfcnvrt@fmt               cstackCOMRAM 00003E
vfpfcnvrt@fp                cstackCOMRAM 00003C
vfpfcnvrt@llu               cstackCOMRAM 000046
vfprintf@ap                 cstackCOMRAM 000052
vfprintf@cfmt               cstackCOMRAM 000054
vfprintf@fmt                cstackCOMRAM 000050
vfprintf@fp                 cstackCOMRAM 00004E


MODULE INFORMATION

Module		Function		Class		Link	Load	Size
C:\Program Files\Microchip\xc8\v2.32\pic\sources\c99\common\memset.c
		_memset        		CODE           	5D06	0000	374

C:\Program Files\Microchip\xc8\v2.32\pic\sources\c99\common\memset.c estimated size: 374

C:\Program Files\Microchip\xc8\v2.32\pic\sources\c99\common\nf_sprintf.c
		_sprintf       		CODE           	52F6	0000	82

C:\Program Files\Microchip\xc8\v2.32\pic\sources\c99\common\nf_sprintf.c estimated size: 82

C:\Program Files\Microchip\xc8\v2.32\pic\sources\c99\common\awdiv.c
		___awdiv       		CODE           	5792	0000	196

C:\Program Files\Microchip\xc8\v2.32\pic\sources\c99\common\awdiv.c estimated size: 196

OLED_Datos.c
		_main          		CODE           	5BD0	0000	310

OLED_Datos.c estimated size: 310

ssd1306_oled.c
		_OLED_Update   		CODE           	5584	0000	142
		_OLED_Write    		CODE           	63DA	0000	996
		_ssd1306_command		CODE           	515A	0000	30
		_OLED_ClearDisplay		CODE           	513C	0000	30
		_OLED_Init     		CODE           	5612	0000	190
		_height        		CODE           	50E2	0000	4
		_OLED_Write_Text		CODE           	59F0	0000	240
		_OLED_Rectangle		CODE           	5502	0000	130
		_OLED_V_Line   		CODE           	548C	0000	118
		_width         		CODE           	50E6	0000	4
		_OLED_DrawPixel		CODE           	600E	0000	460
		_OLED_SetFont  		CODE           	53AA	0000	108
		_OLED_H_Line   		CODE           	5416	0000	118

ssd1306_oled.c estimated size: 2570

C:\Program Files\Microchip\xc8\v2.32\pic\sources\c99\common\doprnt.c
		_vfpfcnvrt     		CODE           	5E7C	0000	402
		_pad           		CODE           	56D0	0000	194
		_vfprintf      		CODE           	5348	0000	98
		_utoa          		CODE           	61DA	0000	512

C:\Program Files\Microchip\xc8\v2.32\pic\sources\c99\common\doprnt.c estimated size: 1206

C:\Program Files\Microchip\xc8\v2.32\pic\sources\c99\common\lomod.c
		___lomod       		CODE           	5920	0000	208

C:\Program Files\Microchip\xc8\v2.32\pic\sources\c99\common\lomod.c estimated size: 208

i2c.c
		_I2C_Init_Master		CODE           	51DC	0000	66
		_I2C_Write     		CODE           	5122	0000	26
		_I2C_Stop      		CODE           	510E	0000	20
		_I2C_Start     		CODE           	50FA	0000	20

i2c.c estimated size: 132

C:\Program Files\Microchip\xc8\v2.32\pic\sources\c99\common\nf_fputs.c
		_fputs         		CODE           	521E	0000	68

C:\Program Files\Microchip\xc8\v2.32\pic\sources\c99\common\nf_fputs.c estimated size: 68

C:\Program Files\Microchip\xc8\v2.32\pic\sources\c99\common\putch.c
		_putch         		CODE           	50E0	0000	2

C:\Program Files\Microchip\xc8\v2.32\pic\sources\c99\common\putch.c estimated size: 2

C:\Program Files\Microchip\xc8\v2.32\pic\sources\c99\common\Umul16.c
		___wmul        		CODE           	5178	0000	38

C:\Program Files\Microchip\xc8\v2.32\pic\sources\c99\common\Umul16.c estimated size: 38

adc.c
		_ADC_Read      		CODE           	5262	0000	70
		_ADC_Init      		CODE           	50EA	0000	16

adc.c estimated size: 86

C:\Program Files\Microchip\xc8\v2.32\pic\sources\c99\common\lodiv.c
		___lodiv       		CODE           	5AE0	0000	240

C:\Program Files\Microchip\xc8\v2.32\pic\sources\c99\common\lodiv.c estimated size: 240

shared
		_FONT_1        		MEDIUMCONST    	7D97	0000	581
		__initialization		CODE           	519E	0000	52
		_FONT_2        		MEDIUMCONST    	77A3	0000	1524
		_FONT_3        		MEDIUMCONST    	6BBF	0000	3044

shared estimated size: 5201

C:\Program Files\Microchip\xc8\v2.32\pic\sources\c99\common\nf_fputc.c
		_fputc         		CODE           	5856	0000	202

C:\Program Files\Microchip\xc8\v2.32\pic\sources\c99\common\nf_fputc.c estimated size: 202

C:\Program Files\Microchip\xc8\v2.32\pic\sources\c99\common\strlen.c
		_strlen        		CODE           	52A8	0000	78

C:\Program Files\Microchip\xc8\v2.32\pic\sources\c99\common\strlen.c estimated size: 78

