Microchip MPLAB XC8 Compiler V2.32

Linker command line:

-W-3 --edf=C:\Program Files\Microchip\xc8\v2.32\pic\dat\en_msgs.txt -cn \
  -h+dist/default/production\OLED_Text.X.production.sym \
  --cmf=dist/default/production\OLED_Text.X.production.cmf -z -Q18F4550 \
  -oC:\Users\CQ43\AppData\Local\Temp\xcAs6bo.4 --defsym=__MPLAB_BUILD=1 \
  -Mdist/default/production/OLED_Text.X.production.map -E1 \
  -ver=XC8 Compiler --acfsm=1493 -ASTACK=060h-03FFh -pstack=STACK \
  -ACODE=00h-07FFFh -ACONST=00h-07FFFh -ASMALLCONST=0800h-08FFhx120 \
  -AMEDIUMCONST=0800h-07FFFh -ACOMRAM=01h-05Fh -AABS1=00h-07FFh \
  -ABIGRAM=01h-07FFh -ARAM=060h-0FFh,0100h-01FFhx7 -ABANK0=060h-0FFh \
  -ABANK1=0100h-01FFh -ABANK2=0200h-02FFh -ABANK3=0300h-03FFh \
  -ABANK4=0400h-04FFh -ABANK5=0500h-05FFh -ABANK6=0600h-06FFh \
  -ABANK7=0700h-07FFh -ASFR=0F60h-0FFFh -ACONFIG=0300000h-030000Dh \
  -AIDLOC=0200000h-0200007h -AEEDATA=0F00000h-0F000FFh -peeprom_data=EEDATA \
  -preset_vec=00h,intcode,intcodelo,powerup,init -pramtop=0800h \
  -psmallconst=SMALLCONST -pmediumconst=MEDIUMCONST -pconst=CONST \
  -AFARRAM=00h-00h \
  -prdata=COMRAM,nvrram=COMRAM,nvbit=COMRAM,rbss=COMRAM,rbit=COMRAM \
  -pfarbss=FARRAM,fardata=FARRAM,nvFARRAM=FARRAM \
  -pintsave_regs=BIGRAM,bigbss=BIGRAM,bigdata=BIGRAM -pbss=RAM \
  -pidata=CODE,irdata=CODE,ibigdata=CODE,ifardata=CODE -prparam=COMRAM \
  C:\Users\CQ43\AppData\Local\Temp\xcAs6bo.o \
  dist/default/production\OLED_Text.X.production.o 

Object code version is 3.11

Machine type is 18F4550



                Name                               Link     Load   Length Selector   Space Scale
C:\Users\CQ43\AppData\Local\Temp\xcAs6bo.o
                idloc                            200000   200000        8        0       5
                config                           300000   300000        E        0       4
                init                                  0        0        4        0       0
dist/default/production\OLED_Text.X.production.o
                idloc                            200000   200000        8        0       5
                config                           300000   300000        E        0       4
                mediumconst                        6BBC     6BBC     1444     35DE       0
                text18                             5D94     5D94       2C     2ECA       0
                text17                             6200     6200      132     3100       0
                text16                             5D32     5D32       1E     2E99       0
                text15                             5D0E     5D0E        A     2E87       0
                text14                             5D18     5D18        A     2E8C       0
                text13                             5D22     5D22       10     2E91       0
                text12                             5D50     5D50       1E     2EA8       0
                text11                             5E92     5E92       7A     2F49       0
                text10                             6046     6046       BE     3023       0
                text9                              5E28     5E28       6A     2F14       0
                text8                              5F0C     5F0C       84     2F86       0
                text7                              5D06     5D06        4     2E83       0
                text6                              5D0A     5D0A        4     2E85       0
                text5                              6332     6332      17A     3199       0
                text4                              5D6E     5D6E       26     2EB7       0
                text3                              64AC     64AC      310     3256       0
                text2                              5DC0     5DC0       2E     2EE0       0
                text1                              5F90     5F90       B6     2FC8       0
                text0                              6104     6104       FC     3082       0
                cstackCOMRAM                          1        1       37        1       1
                dataBIGRAM                          400      400      400      400       1
                bssCOMRAM                            38       38        7        1       1
                cinit                              5DEE     5DEE       3A     2EF7       0
                idataBIGRAM                        67BC     67BC      400     67BC       0

TOTAL           Name                               Link     Load   Length     Space
        CLASS   STACK          

        CLASS   CODE           
                init                                  0        0        4         0
                text18                             5D94     5D94       2C         0
                text17                             6200     6200      132         0
                text16                             5D32     5D32       1E         0
                text15                             5D0E     5D0E        A         0
                text14                             5D18     5D18        A         0
                text13                             5D22     5D22       10         0
                text12                             5D50     5D50       1E         0
                text11                             5E92     5E92       7A         0
                text10                             6046     6046       BE         0
                text9                              5E28     5E28       6A         0
                text8                              5F0C     5F0C       84         0
                text7                              5D06     5D06        4         0
                text6                              5D0A     5D0A        4         0
                text5                              6332     6332      17A         0
                text4                              5D6E     5D6E       26         0
                text3                              64AC     64AC      310         0
                text2                              5DC0     5DC0       2E         0
                text1                              5F90     5F90       B6         0
                text0                              6104     6104       FC         0
                cinit                              5DEE     5DEE       3A         0
                idataBIGRAM                        67BC     67BC      400         0

        CLASS   CONST          

        CLASS   SMALLCONST     

        CLASS   MEDIUMCONST    
                mediumconst                        6BBC     6BBC     1444         0

        CLASS   COMRAM         
                cstackCOMRAM                          1        1       37         1
                bssCOMRAM                            38       38        7         1

        CLASS   ABS1           

        CLASS   BIGRAM         
                dataBIGRAM                          400      400      400         1

        CLASS   RAM            

        CLASS   BANK0          

        CLASS   BANK1          

        CLASS   BANK2          

        CLASS   BANK3          

        CLASS   BANK4          

        CLASS   BANK5          

        CLASS   BANK6          

        CLASS   BANK7          

        CLASS   SFR            

        CLASS   CONFIG         
                config                           300000   300000        E         4

        CLASS   IDLOC          
                idloc                            200000   200000        8         5

        CLASS   EEDATA         

        CLASS   FARRAM         



SEGMENTS        Name                           Load    Length   Top    Selector   Space  Class

                reset_vec                      000000  000004  000004         0       0  CODE    
                cstackCOMRAM                   000001  00003E  00003F         1       1  COMRAM  
                dataBIGRAM                     000400  000400  000800       400       1  BIGRAM  
                text7                          005D06  000004  005D0A      2E83       0  CODE    
                text6                          005D0A  000004  005D0E      2E85       0  CODE    
                text15                         005D0E  00000A  005D18      2E87       0  CODE    
                text14                         005D18  00000A  005D22      2E8C       0  CODE    
                text13                         005D22  000010  005D32      2E91       0  CODE    
                text16                         005D32  00001E  005D50      2E99       0  CODE    
                text12                         005D50  00001E  005D6E      2EA8       0  CODE    
                text4                          005D6E  000026  005D94      2EB7       0  CODE    
                text18                         005D94  00002C  005DC0      2ECA       0  CODE    
                text2                          005DC0  00002E  005DEE      2EE0       0  CODE    
                cinit                          005DEE  00003A  005E28      2EF7       0  CODE    
                text9                          005E28  00006A  005E92      2F14       0  CODE    
                text11                         005E92  00007A  005F0C      2F49       0  CODE    
                text8                          005F0C  000084  005F90      2F86       0  CODE    
                text1                          005F90  0000B6  006046      2FC8       0  CODE    
                text10                         006046  0000BE  006104      3023       0  CODE    
                text0                          006104  0000FC  006200      3082       0  CODE    
                text17                         006200  000132  006332      3100       0  CODE    
                text5                          006332  00017A  0064AC      3199       0  CODE    
                text3                          0064AC  000310  0067BC      3256       0  CODE    
                idataBIGRAM                    0067BC  000400  006BBC      67BC       0  CODE    
                mediumconst                    006BBC  001444  008000      35DE       0  MEDIUMCO


UNUSED ADDRESS RANGES

        Name                Unused          Largest block    Delta
        BANK0            000060-0000FF               A0
        BANK1            000100-0001FF              100
        BANK2            000200-0002FF              100
        BANK3            000300-0003FF              100
        BIGRAM           00003F-0003FF              3C1
        CODE             000004-005D05             5D02
        COMRAM           00003F-00005F               21
        CONST            000004-005D05             5D02
        EEDATA           F00000-F000FF              100
        MEDIUMCONST      000800-005D05             5506
        RAM              000060-0003FF              100
        SFR              000F60-000FFF               A0
        SMALLCONST       000800-005D05              100
        STACK            000060-0003FF              3A0

                                  Symbol Table

?___awdiv                   cstackCOMRAM 000001
?___wmul                    cstackCOMRAM 000009
?_strlen                    cstackCOMRAM 000001
I2C_Init_Master@sp_i2c      cstackCOMRAM 000001
I2C_Write@data              cstackCOMRAM 000001
OLED_DrawPixel@color        cstackCOMRAM 00000D
OLED_DrawPixel@x            cstackCOMRAM 000009
OLED_DrawPixel@y            cstackCOMRAM 00000B
OLED_SetFont@font           cstackCOMRAM 000001
OLED_Update@i               cstackCOMRAM 000004
OLED_Update@x               cstackCOMRAM 000003
OLED_Write@b                cstackCOMRAM 00002B
OLED_Write@cbit             cstackCOMRAM 00001F
OLED_Write@cbyte            cstackCOMRAM 00001D
OLED_Write@cnt              cstackCOMRAM 000029
OLED_Write@cx               cstackCOMRAM 000023
OLED_Write@cy               cstackCOMRAM 000025
OLED_Write@font_idx         cstackCOMRAM 000021
OLED_Write@rowcnt           cstackCOMRAM 000027
OLED_Write@temp             cstackCOMRAM 00001B
OLED_Write@value            cstackCOMRAM 000017
OLED_Write@x                cstackCOMRAM 000013
OLED_Write@y                cstackCOMRAM 000015
OLED_Write_Text@cnt         cstackCOMRAM 000034
OLED_Write_Text@length      cstackCOMRAM 000035
OLED_Write_Text@text        cstackCOMRAM 000030
OLED_Write_Text@x           cstackCOMRAM 00002C
OLED_Write_Text@y           cstackCOMRAM 00002E
_ADCON1bits                 (abs)        000FC1
_FONT_1                     mediumconst  007D95
_FONT_2                     mediumconst  0077A1
_FONT_3                     mediumconst  006BBD
_I2C_Init_Master            text18       005D94
_I2C_Start                  text15       005D0E
_I2C_Stop                   text14       005D18
_I2C_Write                  text13       005D22
_OLED_ClearDisplay          text16       005D32
_OLED_DrawPixel             text5        006332
_OLED_Init                  text10       006046
_OLED_SetFont               text9        005E28
_OLED_Update                text11       005E92
_OLED_Write                 text3        0064AC
_OLED_Write_Text            text1        005F90
_PIR1bits                   (abs)        000F9E
_SSPADD                     (abs)        000FC8
_SSPBUF                     (abs)        000FC9
_SSPCON1                    (abs)        000FC6
_SSPCON2                    (abs)        000FC5
_SSPCON2bits                (abs)        000FC5
_SSPSTAT                    (abs)        000FC7
_TRISBbits                  (abs)        000F93
__HRAM                      (abs)        000000
__Habs1                     abs1         000000
__Hbank0                    bank0        000000
__Hbank1                    bank1        000000
__Hbank2                    bank2        000000
__Hbank3                    bank3        000000
__Hbank4                    bank4        000000
__Hbank5                    bank5        000000
__Hbank6                    bank6        000000
__Hbank7                    bank7        000000
__Hbigbss                   bigbss       000000
__Hbigdata                  bigdata      000000
__Hbigram                   bigram       000000
__Hbss                      bss          000000
__HbssCOMRAM                bssCOMRAM    000000
__Hcinit                    cinit        000000
__Hclrtext                  clrtext      000000
__Hcomram                   comram       000000
__Hconfig                   config       30000E
__Hconst                    const        000000
__HcstackCOMRAM             cstackCOMRAM 000000
__Hdata                     data         000000
__HdataBIGRAM               dataBIGRAM   000000
__Heeprom_data              eeprom_data  000000
__Hfarbss                   farbss       000000
__Hfardata                  fardata      000000
__Hibigdata                 ibigdata     000000
__Hidata                    idata        000000
__HidataBIGRAM              idataBIGRAM  000000
__Hidloc                    idloc        200008
__Hifardata                 ifardata     000000
__Hinit                     init         000004
__Hintcode                  intcode      000000
__Hintcode_body             intcode_body 000000
__Hintcodelo                intcodelo    000000
__Hintentry                 intentry     000000
__Hintret                   intret       000000
__Hintsave_regs             intsave_regs 000000
__Hirdata                   irdata       000000
__Hmediumconst              mediumconst  008000
__HnvFARRAM                 nvFARRAM     000000
__Hnvbit                    nvbit        000000
__Hnvrram                   nvrram       000000
__Hparam                    rparam       000000
__Hpowerup                  powerup      000000
__Hram                      ram          000000
__Hramtop                   ramtop       000800
__Hrbit                     rbit         000000
__Hrbss                     rbss         000000
__Hrdata                    rdata        000000
__Hreset_vec                reset_vec    000000
__Hrparam                   rparam       000000
__Hsfr                      sfr          000000
__Hsmallconst               smallconst   000000
__Hspace_0                  (abs)        008000
__Hspace_1                  (abs)        000800
__Hspace_2                  (abs)        000000
__Hspace_4                  (abs)        60000E
__Hstack                    stack        000000
__Hstruct                   struct       000000
__Htemp                     temp         000000
__Htext                     text         000000
__Htext0                    text0        000000
__Htext1                    text1        000000
__Htext10                   text10       000000
__Htext11                   text11       000000
__Htext12                   text12       000000
__Htext13                   text13       000000
__Htext14                   text14       000000
__Htext15                   text15       000000
__Htext16                   text16       000000
__Htext17                   text17       000000
__Htext18                   text18       000000
__Htext2                    text2        000000
__Htext3                    text3        000000
__Htext4                    text4        000000
__Htext5                    text5        000000
__Htext6                    text6        000000
__Htext7                    text7        000000
__Htext8                    text8        000000
__Htext9                    text9        000000
__LRAM                      (abs)        000001
__Labs1                     abs1         000000
__Lbank0                    bank0        000000
__Lbank1                    bank1        000000
__Lbank2                    bank2        000000
__Lbank3                    bank3        000000
__Lbank4                    bank4        000000
__Lbank5                    bank5        000000
__Lbank6                    bank6        000000
__Lbank7                    bank7        000000
__Lbigbss                   bigbss       000000
__Lbigdata                  bigdata      000000
__Lbigram                   bigram       000000
__Lbss                      bss          000000
__LbssCOMRAM                bssCOMRAM    000000
__Lcinit                    cinit        000000
__Lclrtext                  clrtext      000000
__Lcomram                   comram       000000
__Lconfig                   config       000000
__Lconst                    const        000000
__LcstackCOMRAM             cstackCOMRAM 000000
__Ldata                     data         000000
__LdataBIGRAM               dataBIGRAM   000000
__Leeprom_data              eeprom_data  000000
__Lfarbss                   farbss       000000
__Lfardata                  fardata      000000
__Libigdata                 ibigdata     000000
__Lidata                    idata        000000
__LidataBIGRAM              idataBIGRAM  000000
__Lidloc                    idloc        000000
__Lifardata                 ifardata     000000
__Linit                     init         000000
__Lintcode                  intcode      000000
__Lintcode_body             intcode_body 000000
__Lintcodelo                intcodelo    000000
__Lintentry                 intentry     000000
__Lintret                   intret       000000
__Lintsave_regs             intsave_regs 000000
__Lirdata                   irdata       000000
__Lmediumconst              mediumconst  006BBC
__LnvFARRAM                 nvFARRAM     000000
__Lnvbit                    nvbit        000000
__Lnvrram                   nvrram       000000
__Lparam                    rparam       000000
__Lpowerup                  powerup      000000
__Lram                      ram          000000
__Lramtop                   ramtop       000800
__Lrbit                     rbit         000000
__Lrbss                     rbss         000000
__Lrdata                    rdata        000000
__Lreset_vec                reset_vec    000000
__Lrparam                   rparam       000000
__Lsfr                      sfr          000000
__Lsmallconst               smallconst   000000
__Lspace_0                  (abs)        000000
__Lspace_1                  (abs)        000000
__Lspace_2                  (abs)        000000
__Lspace_4                  (abs)        000000
__Lstack                    stack        000000
__Lstruct                   struct       000000
__Ltemp                     temp         000000
__Ltext                     text         000000
__Ltext0                    text0        000000
__Ltext1                    text1        000000
__Ltext10                   text10       000000
__Ltext11                   text11       000000
__Ltext12                   text12       000000
__Ltext13                   text13       000000
__Ltext14                   text14       000000
__Ltext15                   text15       000000
__Ltext16                   text16       000000
__Ltext17                   text17       000000
__Ltext18                   text18       000000
__Ltext2                    text2        000000
__Ltext3                    text3        000000
__Ltext4                    text4        000000
__Ltext5                    text5        000000
__Ltext6                    text6        000000
__Ltext7                    text7        000000
__Ltext8                    text8        000000
__Ltext9                    text9        000000
__S0                        (abs)        008000
__S1                        (abs)        000800
__S2                        (abs)        000000
__S4                        (abs)        000000
__S5                        (abs)        000000
___awdiv                    text8        005F0C
___awdiv@counter            cstackCOMRAM 000005
___awdiv@dividend           cstackCOMRAM 000001
___awdiv@divisor            cstackCOMRAM 000003
___awdiv@quotient           cstackCOMRAM 000007
___awdiv@sign               cstackCOMRAM 000006
___inthi_sp                 stack        000000
___intlo_sp                 stack        000000
___param_bank               (abs)        000000
___rparam_used              (abs)        000001
___sp                       stack        000000
___wmul                     text4        005D6E
___wmul@multiplicand        cstackCOMRAM 00000B
___wmul@multiplier          cstackCOMRAM 000009
___wmul@product             cstackCOMRAM 00000D
__accesstop                 (abs)        000060
__activetblptr              (abs)        000002
__end_of_FONT_1             mediumconst  007FDA
__end_of_FONT_2             mediumconst  007D95
__end_of_FONT_3             mediumconst  0077A1
__end_of_I2C_Init_Master    text18       005DC0
__end_of_I2C_Start          text15       005D18
__end_of_I2C_Stop           text14       005D22
__end_of_I2C_Write          text13       005D32
__end_of_OLED_ClearDisplay  text16       005D50
__end_of_OLED_DrawPixel     text5        0064AC
__end_of_OLED_Init          text10       006104
__end_of_OLED_SetFont       text9        005E92
__end_of_OLED_Update        text11       005F0C
__end_of_OLED_Write         text3        0067BC
__end_of_OLED_Write_Text    text1        006046
__end_of___awdiv            text8        005F90
__end_of___wmul             text4        005D94
__end_of__initialization    cinit        005E1E
__end_of_height             text7        005D0A
__end_of_main               text0        006200
__end_of_memset             text17       006332
__end_of_ssd1306_command    text12       005D6E
__end_of_strlen             text2        005DEE
__end_of_width              text6        005D0E
__initialization            cinit        005DEE
__mediumconst               mediumconst  006BBC
__pbssCOMRAM                bssCOMRAM    000038
__pcinit                    cinit        005DEE
__pcstackCOMRAM             cstackCOMRAM 000001
__pdataBIGRAM               dataBIGRAM   000400
__pidataBIGRAM              idataBIGRAM  0067BC
__pmediumconst              mediumconst  006BBC
__ptext0                    text0        006104
__ptext1                    text1        005F90
__ptext10                   text10       006046
__ptext11                   text11       005E92
__ptext12                   text12       005D50
__ptext13                   text13       005D22
__ptext14                   text14       005D18
__ptext15                   text15       005D0E
__ptext16                   text16       005D32
__ptext17                   text17       006200
__ptext18                   text18       005D94
__ptext2                    text2        005DC0
__ptext3                    text3        0064AC
__ptext4                    text4        005D6E
__ptext5                    text5        006332
__ptext6                    text6        005D0A
__ptext7                    text7        005D06
__ptext8                    text8        005F0C
__ptext9                    text9        005E28
__ramtop                    ramtop       000800
__size_of_I2C_Init_Master   (abs)        000000
__size_of_I2C_Start         (abs)        000000
__size_of_I2C_Stop          (abs)        000000
__size_of_I2C_Write         (abs)        000000
__size_of_OLED_ClearDisplay (abs)        000000
__size_of_OLED_DrawPixel    (abs)        000000
__size_of_OLED_Init         (abs)        000000
__size_of_OLED_SetFont      (abs)        000000
__size_of_OLED_Update       (abs)        000000
__size_of_OLED_Write        (abs)        000000
__size_of_OLED_Write_Text   (abs)        000000
__size_of___awdiv           (abs)        000000
__size_of___wmul            (abs)        000000
__size_of_height            (abs)        000000
__size_of_main              (abs)        000000
__size_of_memset            (abs)        000000
__size_of_ssd1306_command   (abs)        000000
__size_of_strlen            (abs)        000000
__size_of_width             (abs)        000000
__smallconst                smallconst   000000
_buffer                     dataBIGRAM   000400
_cfont                      bssCOMRAM    000038
_height                     text7        005D06
_main                       text0        006104
_memset                     text17       006200
_ssd1306_command            text12       005D50
_strlen                     text2        005DC0
_width                      text6        005D0A
end_of_initialization       cinit        005E1E
intlevel0                   text         000000
intlevel1                   text         000000
intlevel2                   text         000000
intlevel3                   text         000000
isa$std                     (abs)        000001
isa$xinst                   (abs)        000000
memset@c                    cstackCOMRAM 000003
memset@dest                 cstackCOMRAM 000001
memset@k                    cstackCOMRAM 000009
memset@n                    cstackCOMRAM 000005
memset@s                    cstackCOMRAM 00000B
ssd1306_command@command     cstackCOMRAM 000002
stackhi                     (abs)        0003FF
stacklo                     (abs)        000060
start                       init         000000
start_initialization        cinit        005DEE
strlen@a                    cstackCOMRAM 000003
strlen@s                    cstackCOMRAM 000001


MODULE INFORMATION

Module		Function		Class		Link	Load	Size
C:\Program Files\Microchip\xc8\v2.32\pic\sources\c99\common\memset.c
		_memset        		CODE           	6200	0000	306

C:\Program Files\Microchip\xc8\v2.32\pic\sources\c99\common\memset.c estimated size: 306

C:\Program Files\Microchip\xc8\v2.32\pic\sources\c99\common\awdiv.c
		___awdiv       		CODE           	5F0C	0000	132

C:\Program Files\Microchip\xc8\v2.32\pic\sources\c99\common\awdiv.c estimated size: 132

ssd1306_oled.c
		_OLED_Update   		CODE           	5E92	0000	122
		_OLED_Write    		CODE           	64AC	0000	784
		_ssd1306_command		CODE           	5D50	0000	30
		_OLED_ClearDisplay		CODE           	5D32	0000	30
		_OLED_Init     		CODE           	6046	0000	190
		_height        		CODE           	5D06	0000	4
		_OLED_Write_Text		CODE           	5F90	0000	182
		_width         		CODE           	5D0A	0000	4
		_OLED_DrawPixel		CODE           	6332	0000	378
		_OLED_SetFont  		CODE           	5E28	0000	106

ssd1306_oled.c estimated size: 1830

OLED_Text.c
		_main          		CODE           	6104	0000	252

OLED_Text.c estimated size: 252

i2c.c
		_I2C_Init_Master		CODE           	5D94	0000	44
		_I2C_Write     		CODE           	5D22	0000	16
		_I2C_Stop      		CODE           	5D18	0000	10
		_I2C_Start     		CODE           	5D0E	0000	10

i2c.c estimated size: 80

C:\Program Files\Microchip\xc8\v2.32\pic\sources\c99\common\Umul16.c
		___wmul        		CODE           	5D6E	0000	38

C:\Program Files\Microchip\xc8\v2.32\pic\sources\c99\common\Umul16.c estimated size: 38

shared
		_FONT_1        		MEDIUMCONST    	7D95	0000	581
		__initialization		CODE           	5DEE	0000	48
		_FONT_2        		MEDIUMCONST    	77A1	0000	1524
		_FONT_3        		MEDIUMCONST    	6BBD	0000	3044

shared estimated size: 5197

C:\Program Files\Microchip\xc8\v2.32\pic\sources\c99\common\strlen.c
		_strlen        		CODE           	5DC0	0000	46

C:\Program Files\Microchip\xc8\v2.32\pic\sources\c99\common\strlen.c estimated size: 46

