Microchip MPLAB XC8 Compiler V2.46

Linker command line:

-W-3 \
  --edf=C:/Users/adevo/.mchp_packs/Microchip/PIC18F-Q_DFP/1.25.433/xc8\pic\dat\20240223164052_en.msgs \
  -cn -h+dist/default/debug\ssd1306_q10.X.debug.sym \
  --cmf=dist/default/debug\ssd1306_q10.X.debug.cmf -z -Q18F45Q10 \
  -oC:\Users\adevo\AppData\Local\Temp\xcAs46s.\driver_tmp_3.o \
  --defsym=__MPLAB_BUILD=1 --fixupoverflow=error \
  -Mdist/default/debug/ssd1306_q10.X.debug.map \
  --md=C:\Users\adevo\AppData\Local\Temp\xcAs46s.\driver_tmp_0.dat -E1 \
  -ver=XC8 Compiler --acfsm=1493 -ACODE=00h-07FFFh -ACONST=00h-07FFFh \
  -ASMALLCONST=0800h-08FFhx120 -AMEDIUMCONST=0800h-07FFFh -ACOMRAM=01h-05Fh \
  -AABS1=00h-07FFh -ABIGRAM=01h-07FFh -ARAM=060h-0FFh,0100h-01FFhx7 \
  -ABANK0=060h-0FFh -ABANK1=0100h-01FFh -ABANK2=0200h-02FFh \
  -ABANK3=0300h-03FFh -ABANK4=0400h-04FFh -ABANK5=0500h-05FFh \
  -ABANK6=0600h-06FFh -ABANK7=0700h-07FFh \
  -ASFR=0800h-08FFh,0E1Fh-0EFFh,0F00h-0F5Fh,0F60h-0FFFh \
  -ABIGSFR=0800h-08FFh,0E1Fh-0FFFh -ACONFIG=0300000h-030000Bh \
  -AIDLOC=0200000h-02000FFh -AEEDATA=0310000h-03100FFh -peeprom_data=EEDATA \
  -preset_vec=00h,intcode,sivt_hi,intcodelo,sivt_lo,powerup,init \
  -pramtop=0800h -psmallconst=SMALLCONST -pmediumconst=MEDIUMCONST \
  -pconst=CONST -AFARRAM=00h-00h \
  -prdata=COMRAM,nvrram=COMRAM,nvbit=COMRAM,rbss=COMRAM,rbit=COMRAM \
  -pfarbss=FARRAM,fardata=FARRAM,nvFARRAM=FARRAM \
  -pintsave_regs=BIGRAM,bigbss=BIGRAM,bigdata=BIGRAM -pbss=RAM \
  -pidata=CODE,irdata=CODE,ibigdata=CODE,ifardata=CODE -prparam=COMRAM \
  C:\Users\adevo\AppData\Local\Temp\xcAs46s.\driver_tmp_9.o \
  dist/default/debug\ssd1306_q10.X.debug.o 

Object code version is 3.11

Machine type is 18F45Q10



                Name                               Link     Load   Length Selector   Space Scale
C:\Users\adevo\AppData\Local\Temp\xcAs46s.\driver_tmp_9.o
                config                           300000   300000        C        0       4
                init                                  0        0        4        0       0
dist/default/debug\ssd1306_q10.X.debug.o
                config                           300000   300000        C        0       4
                mediumconst                        7472     7472      B8E     3A39       0
                text66                             6A70     6A70       14     3538       0
                text65                             6A84     6A84       16     3542       0
                text64                             7128     7128       86     3894       0
                text63                             6AFA     6AFA       1C     357D       0
                text62                             6A5E     6A5E       12     352F       0
                text61                             70A4     70A4       84     3852       0
                text60                             6B56     6B56       26     35AB       0
                text59                             723E     723E       A2     391F       0
                text58                             72E0     72E0       B4     3970       0
                text57                             6E94     6E94       58     374A       0
                text56                             695E     695E        2     34AF       0
                text55                             697C     697C        6     34BE       0
                text54                             6960     6960        4     34B0       0
                text53                             6964     6964        4     34B2       0
                text52                             6B16     6B16       20     358B       0
                text51                             6982     6982        6     34C1       0
                text50                             6988     6988        6     34C4       0
                text49                             698E     698E        6     34C7       0
                text48                             6A9A     6A9A       18     354D       0
                text47                             6EEC     6EEC       5A     3776       0
                text46                             6AB2     6AB2       18     3559       0
                text45                             6BCE     6BCE       2C     35E7       0
                text44                             6BFA     6BFA       2C     35FD       0
                text43                             6C26     6C26       2C     3613       0
                text42                             6C52     6C52       2C     3629       0
                text41                             6CDC     6CDC       42     366E       0
                text40                             6968     6968        4     34B4       0
                text39                             696C     696C        4     34B6       0
                text38                             6970     6970        4     34B8       0
                text37                             69A0     69A0        8     34D0       0
                text36                             6974     6974        4     34BA       0
                text35                             6994     6994        6     34CA       0
                text34                             69A8     69A8        8     34D4       0
                text33                             6A16     6A16        C     350B       0
                text32                             699A     699A        6     34CD       0
                text31                             6F46     6F46       60     37A3       0
                text30                             69F8     69F8        A     34FC       0
                text29                             6A22     6A22        E     3511       0
                text28                             6A30     6A30        E     3518       0
                text27                             71AE     71AE       90     38D7       0
                text26                             6FA6     6FA6       7C     37D3       0
                text25                             6A02     6A02        A     3501       0
                text24                             69B0     69B0        8     34D8       0
                text23                             69B8     69B8        8     34DC       0
                text22                             69C0     69C0        8     34E0       0
                text21                             69C8     69C8        8     34E4       0
                text20                             69D0     69D0        8     34E8       0
                text19                             69D8     69D8        8     34EC       0
                text18                             69E0     69E0        8     34F0       0
                text17                             6A0C     6A0C        A     3506       0
                text16                             6E40     6E40       54     3720       0
                text15                             6D1E     6D1E       46     368F       0
                text14                             69E8     69E8        8     34F4       0
                text13                             6A3E     6A3E       10     351F       0
                text12                             6BA4     6BA4       2A     35D2       0
                text11                             69F0     69F0        8     34F8       0
                text10                             6ACA     6ACA       18     3565       0
                text9                              7022     7022       82     3811       0
                text8                              6AE2     6AE2       18     3571       0
                text7                              6D64     6D64       46     36B2       0
                text6                              6B7C     6B7C       28     35BE       0
                text5                              6A4E     6A4E       10     3527       0
                text4                              6B36     6B36       20     359B       0
                text3                              6C7E     6C7E       2C     363F       0
                text2                              6DF4     6DF4       4C     36FA       0
                text1                              7394     7394       DE     39CA       0
                text0                              6CAA     6CAA       32     3655       0
                cstackCOMRAM                         2D       2D       1E        1       1
                bssBIGRAM                           3FF      3FF      401      3FF       1
                dataCOMRAM                           4B       4B        4        1       1
                bssCOMRAM                             1        1       2C        1       1
                cinit                              6DAA     6DAA       4A     36D5       0
                idataCOMRAM                        6978     6978        4     6978       0

TOTAL           Name                               Link     Load   Length     Space
        CLASS   CODE           
                init                                  0        0        4         0
                text66                             6A70     6A70       14         0
                text65                             6A84     6A84       16         0
                text64                             7128     7128       86         0
                text63                             6AFA     6AFA       1C         0
                text62                             6A5E     6A5E       12         0
                text61                             70A4     70A4       84         0
                text60                             6B56     6B56       26         0
                text59                             723E     723E       A2         0
                text58                             72E0     72E0       B4         0
                text57                             6E94     6E94       58         0
                text56                             695E     695E        2         0
                text55                             697C     697C        6         0
                text54                             6960     6960        4         0
                text53                             6964     6964        4         0
                text52                             6B16     6B16       20         0
                text51                             6982     6982        6         0
                text50                             6988     6988        6         0
                text49                             698E     698E        6         0
                text48                             6A9A     6A9A       18         0
                text47                             6EEC     6EEC       5A         0
                text46                             6AB2     6AB2       18         0
                text45                             6BCE     6BCE       2C         0
                text44                             6BFA     6BFA       2C         0
                text43                             6C26     6C26       2C         0
                text42                             6C52     6C52       2C         0
                text41                             6CDC     6CDC       42         0
                text40                             6968     6968        4         0
                text39                             696C     696C        4         0
                text38                             6970     6970        4         0
                text37                             69A0     69A0        8         0
                text36                             6974     6974        4         0
                text35                             6994     6994        6         0
                text34                             69A8     69A8        8         0
                text33                             6A16     6A16        C         0
                text32                             699A     699A        6         0
                text31                             6F46     6F46       60         0
                text30                             69F8     69F8        A         0
                text29                             6A22     6A22        E         0
                text28                             6A30     6A30        E         0
                text27                             71AE     71AE       90         0
                text26                             6FA6     6FA6       7C         0
                text25                             6A02     6A02        A         0
                text24                             69B0     69B0        8         0
                text23                             69B8     69B8        8         0
                text22                             69C0     69C0        8         0
                text21                             69C8     69C8        8         0
                text20                             69D0     69D0        8         0
                text19                             69D8     69D8        8         0
                text18                             69E0     69E0        8         0
                text17                             6A0C     6A0C        A         0
                text16                             6E40     6E40       54         0
                text15                             6D1E     6D1E       46         0
                text14                             69E8     69E8        8         0
                text13                             6A3E     6A3E       10         0
                text12                             6BA4     6BA4       2A         0
                text11                             69F0     69F0        8         0
                text10                             6ACA     6ACA       18         0
                text9                              7022     7022       82         0
                text8                              6AE2     6AE2       18         0
                text7                              6D64     6D64       46         0
                text6                              6B7C     6B7C       28         0
                text5                              6A4E     6A4E       10         0
                text4                              6B36     6B36       20         0
                text3                              6C7E     6C7E       2C         0
                text2                              6DF4     6DF4       4C         0
                text1                              7394     7394       DE         0
                text0                              6CAA     6CAA       32         0
                cinit                              6DAA     6DAA       4A         0
                idataCOMRAM                        6978     6978        4         0

        CLASS   CONST          

        CLASS   SMALLCONST     

        CLASS   MEDIUMCONST    
                mediumconst                        7472     7472      B8E         0

        CLASS   COMRAM         
                cstackCOMRAM                         2D       2D       1E         1
                dataCOMRAM                           4B       4B        4         1
                bssCOMRAM                             1        1       2C         1

        CLASS   ABS1           

        CLASS   BIGRAM         
                bssBIGRAM                           3FF      3FF      401         1

        CLASS   RAM            

        CLASS   BANK0          

        CLASS   BANK1          

        CLASS   BANK2          

        CLASS   BANK3          

        CLASS   BANK4          

        CLASS   BANK5          

        CLASS   BANK6          

        CLASS   BANK7          

        CLASS   SFR            

        CLASS   BIGSFR         

        CLASS   CONFIG         
                config                           300000   300000        C         4

        CLASS   IDLOC          

        CLASS   EEDATA         

        CLASS   FARRAM         

        CLASS   HEAP           

        CLASS   STACK          



SEGMENTS        Name                           Load    Length   Top    Selector   Space  Class

                reset_vec                      000000  000004  000004         0       0  CODE    
                bssCOMRAM                      000001  00004E  00004F         1       1  COMRAM  
                bssBIGRAM                      0003FF  000401  000800       3FF       1  BIGRAM  
                text56                         00695E  000002  006960      34AF       0  CODE    
                text54                         006960  000004  006964      34B0       0  CODE    
                text53                         006964  000004  006968      34B2       0  CODE    
                text40                         006968  000004  00696C      34B4       0  CODE    
                text39                         00696C  000004  006970      34B6       0  CODE    
                text38                         006970  000004  006974      34B8       0  CODE    
                text36                         006974  000004  006978      34BA       0  CODE    
                idataCOMRAM                    006978  000004  00697C      6978       0  CODE    
                text55                         00697C  000006  006982      34BE       0  CODE    
                text51                         006982  000006  006988      34C1       0  CODE    
                text50                         006988  000006  00698E      34C4       0  CODE    
                text49                         00698E  000006  006994      34C7       0  CODE    
                text35                         006994  000006  00699A      34CA       0  CODE    
                text32                         00699A  000006  0069A0      34CD       0  CODE    
                text37                         0069A0  000008  0069A8      34D0       0  CODE    
                text34                         0069A8  000008  0069B0      34D4       0  CODE    
                text24                         0069B0  000008  0069B8      34D8       0  CODE    
                text23                         0069B8  000008  0069C0      34DC       0  CODE    
                text22                         0069C0  000008  0069C8      34E0       0  CODE    
                text21                         0069C8  000008  0069D0      34E4       0  CODE    
                text20                         0069D0  000008  0069D8      34E8       0  CODE    
                text19                         0069D8  000008  0069E0      34EC       0  CODE    
                text18                         0069E0  000008  0069E8      34F0       0  CODE    
                text14                         0069E8  000008  0069F0      34F4       0  CODE    
                text11                         0069F0  000008  0069F8      34F8       0  CODE    
                text30                         0069F8  00000A  006A02      34FC       0  CODE    
                text25                         006A02  00000A  006A0C      3501       0  CODE    
                text17                         006A0C  00000A  006A16      3506       0  CODE    
                text33                         006A16  00000C  006A22      350B       0  CODE    
                text29                         006A22  00000E  006A30      3511       0  CODE    
                text28                         006A30  00000E  006A3E      3518       0  CODE    
                text13                         006A3E  000010  006A4E      351F       0  CODE    
                text5                          006A4E  000010  006A5E      3527       0  CODE    
                text62                         006A5E  000012  006A70      352F       0  CODE    
                text66                         006A70  000014  006A84      3538       0  CODE    
                text65                         006A84  000016  006A9A      3542       0  CODE    
                text48                         006A9A  000018  006AB2      354D       0  CODE    
                text46                         006AB2  000018  006ACA      3559       0  CODE    
                text10                         006ACA  000018  006AE2      3565       0  CODE    
                text8                          006AE2  000018  006AFA      3571       0  CODE    
                text63                         006AFA  00001C  006B16      357D       0  CODE    
                text52                         006B16  000020  006B36      358B       0  CODE    
                text4                          006B36  000020  006B56      359B       0  CODE    
                text60                         006B56  000026  006B7C      35AB       0  CODE    
                text6                          006B7C  000028  006BA4      35BE       0  CODE    
                text12                         006BA4  00002A  006BCE      35D2       0  CODE    
                text45                         006BCE  00002C  006BFA      35E7       0  CODE    
                text44                         006BFA  00002C  006C26      35FD       0  CODE    
                text43                         006C26  00002C  006C52      3613       0  CODE    
                text42                         006C52  00002C  006C7E      3629       0  CODE    
                text3                          006C7E  00002C  006CAA      363F       0  CODE    
                text0                          006CAA  000032  006CDC      3655       0  CODE    
                text41                         006CDC  000042  006D1E      366E       0  CODE    
                text15                         006D1E  000046  006D64      368F       0  CODE    
                text7                          006D64  000046  006DAA      36B2       0  CODE    
                cinit                          006DAA  00004A  006DF4      36D5       0  CODE    
                text2                          006DF4  00004C  006E40      36FA       0  CODE    
                text16                         006E40  000054  006E94      3720       0  CODE    
                text57                         006E94  000058  006EEC      374A       0  CODE    
                text47                         006EEC  00005A  006F46      3776       0  CODE    
                text31                         006F46  000060  006FA6      37A3       0  CODE    
                text26                         006FA6  00007C  007022      37D3       0  CODE    
                text9                          007022  000082  0070A4      3811       0  CODE    
                text61                         0070A4  000084  007128      3852       0  CODE    
                text64                         007128  000086  0071AE      3894       0  CODE    
                text27                         0071AE  000090  00723E      38D7       0  CODE    
                text59                         00723E  0000A2  0072E0      391F       0  CODE    
                text58                         0072E0  0000B4  007394      3970       0  CODE    
                text1                          007394  0000DE  007472      39CA       0  CODE    
                mediumconst                    007472  000B8E  008000      3A39       0  MEDIUMCO


UNUSED ADDRESS RANGES

        Name                Unused          Largest block    Delta
        BANK0            000060-0000FF               A0
        BANK1            000100-0001FF              100
        BANK2            000200-0002FF              100
        BANK3            000300-0003FE               FF
        BIGRAM           00004F-0003FE              3B0
        BIGSFR           000800-0008FF              100
                         000E1F-000FFF              1E1
        CODE             000004-00695D             695A
        COMRAM           00004F-00005F               11
        CONST            000004-00695D             695A
        EEDATA           310000-3100FF              100
        IDLOC            200000-2000FF              100
        MEDIUMCONST      000800-00695D             615E
        RAM              000060-0003FE              100
        SFR              000800-0008FF              100
                         000E1F-000FFF               E1
        SMALLCONST       000800-00695D              100

                                  Symbol Table

?___awdiv                             cstackCOMRAM 00002D
?___wmul                              cstackCOMRAM 00002D
I2C2_CallbackReturnReset@funPtr       cstackCOMRAM 000036
I2C2_Close@returnValue                cstackCOMRAM 00002D
I2C2_MasterOperation@read             cstackCOMRAM 00003B
I2C2_MasterOperation@returnValue      cstackCOMRAM 00003C
I2C2_MasterSendTxData@data            cstackCOMRAM 00002D
I2C2_Open@address                     cstackCOMRAM 00002D
I2C2_Open@returnValue                 cstackCOMRAM 00002E
I2C2_SetAddressNackCallback@cb        cstackCOMRAM 000032
I2C2_SetAddressNackCallback@ptr       cstackCOMRAM 000034
I2C2_SetBuffer@buffer                 cstackCOMRAM 00002D
I2C2_SetBuffer@bufferSize             cstackCOMRAM 00002F
I2C2_SetCallback@cb                   cstackCOMRAM 00002D
I2C2_SetCallback@idx                  cstackCOMRAM 000031
I2C2_SetCallback@ptr                  cstackCOMRAM 00002F
I2C2_SetDataCompleteCallback@cb       cstackCOMRAM 000032
I2C2_SetDataCompleteCallback@ptr      cstackCOMRAM 000034
I2C2_WriteNBytes@address              cstackCOMRAM 000041
I2C2_WriteNBytes@data                 cstackCOMRAM 00003D
I2C2_WriteNBytes@len                  cstackCOMRAM 00003F
_ANSELA                               (abs)        000F0C
_ANSELB                               (abs)        000F14
_ANSELC                               (abs)        000F1C
_ANSELD                               (abs)        000F21
_ANSELE                               (abs)        000F29
_Font_7x10                            dataCOMRAM   00004B
_I2C2_CallbackReturnReset             text39       00696C
_I2C2_CallbackReturnStop              text40       006968
_I2C2_Close                           text52       006B16
_I2C2_DO_ADDRESS_NACK                 text16       006E40
_I2C2_DO_IDLE                         text30       0069F8
_I2C2_DO_RCEN                         text25       006A02
_I2C2_DO_RESET                        text17       006A0C
_I2C2_DO_RX                           text26       006FA6
_I2C2_DO_RX_ACK                       text20       0069D0
_I2C2_DO_RX_NACK_RESTART              text18       0069E0
_I2C2_DO_RX_NACK_STOP                 text19       0069D8
_I2C2_DO_SEND_ADR_READ                text29       006A22
_I2C2_DO_SEND_ADR_WRITE               text28       006A30
_I2C2_DO_SEND_RESTART                 text22       0069C0
_I2C2_DO_SEND_RESTART_READ            text24       0069B0
_I2C2_DO_SEND_RESTART_WRITE           text23       0069B8
_I2C2_DO_SEND_STOP                    text21       0069C8
_I2C2_DO_TX                           text27       0071AE
_I2C2_DO_TX_EMPTY                     text31       006F46
_I2C2_Initialize                      text66       006A70
_I2C2_MasterClearIrq                  text55       00697C
_I2C2_MasterClose                     text54       006960
_I2C2_MasterDisableIrq                text53       006964
_I2C2_MasterEnableRestart             text50       006988
_I2C2_MasterFsm                       text15       006D1E
_I2C2_MasterGetRxData                 text36       006974
_I2C2_MasterIsNack                    text33       006A16
_I2C2_MasterOpen                      text10       006ACA
_I2C2_MasterOperation                 text12       006BA4
_I2C2_MasterSendAck                   text35       006994
_I2C2_MasterSendNack                  text37       0069A0
_I2C2_MasterSendTxData                text34       0069A8
_I2C2_MasterSetIrq                    text32       00699A
_I2C2_MasterStart                     text51       006982
_I2C2_MasterStartRx                   text38       006970
_I2C2_MasterStop                      text49       00698E
_I2C2_MasterWaitForEvent              text14       0069E8
_I2C2_MasterWrite                     text11       0069F0
_I2C2_Open                            text9        007022
_I2C2_Poller                          text13       006A3E
_I2C2_SetAddressNackCallback          text8        006AE2
_I2C2_SetBuffer                       text48       006A9A
_I2C2_SetCallback                     text47       006EEC
_I2C2_SetDataCompleteCallback         text46       006AB2
_I2C2_Status                          bssCOMRAM    000001
_I2C2_WriteNBytes                     text7        006D64
_INLVLA                               (abs)        000F08
_INLVLB                               (abs)        000F10
_INLVLC                               (abs)        000F18
_INLVLD                               (abs)        000F1D
_INLVLE                               (abs)        000F25
_LATA                                 (abs)        000F82
_LATB                                 (abs)        000F83
_LATC                                 (abs)        000F84
_LATD                                 (abs)        000F85
_LATE                                 (abs)        000F86
_ODCONA                               (abs)        000F0A
_ODCONB                               (abs)        000F12
_ODCONC                               (abs)        000F1A
_ODCOND                               (abs)        000F1F
_ODCONE                               (abs)        000F27
_OSCCON1                              (abs)        000ED3
_OSCCON3                              (abs)        000ED5
_OSCEN                                (abs)        000ED7
_OSCFRQ                               (abs)        000ED9
_OSCILLATOR_Initialize                text65       006A84
_OSCTUNE                              (abs)        000ED8
_PIE3bits                             (abs)        000EC0
_PIN_MANAGER_Initialize               text64       007128
_PIR3bits                             (abs)        000EC8
_PMD0                                 (abs)        000EDC
_PMD1                                 (abs)        000EDD
_PMD2                                 (abs)        000EDE
_PMD3                                 (abs)        000EDF
_PMD4                                 (abs)        000EE0
_PMD5                                 (abs)        000EE1
_PMD_Initialize                       text63       006AFA
_RB1PPS                               (abs)        000EEB
_RB2PPS                               (abs)        000EEC
_SLRCONA                              (abs)        000F09
_SLRCONB                              (abs)        000F11
_SLRCONC                              (abs)        000F19
_SLRCOND                              (abs)        000F1E
_SLRCONE                              (abs)        000F26
_SSD1306                              bssCOMRAM    000025
_SSD1306_Buffer                       bssBIGRAM    0003FF
_SSP2ADD                              (abs)        000E8E
_SSP2BUF                              (abs)        000E8D
_SSP2CLKPPS                           (abs)        000E8A
_SSP2CON1                             (abs)        000E91
_SSP2CON1bits                         (abs)        000E91
_SSP2CON2                             (abs)        000E92
_SSP2CON2bits                         (abs)        000E92
_SSP2DATPPS                           (abs)        000E8B
_SSP2STAT                             (abs)        000E90
_SYSTEM_Initialize                    text62       006A5E
_TRISA                                (abs)        000F87
_TRISB                                (abs)        000F88
_TRISC                                (abs)        000F89
_TRISD                                (abs)        000F8A
_TRISE                                (abs)        000F8B
_WPUA                                 (abs)        000F0B
_WPUB                                 (abs)        000F13
_WPUC                                 (abs)        000F1B
_WPUD                                 (abs)        000F20
_WPUE                                 (abs)        000F28
__HRAM                                (abs)        000000
__H__absolute__                       __absolute__ 000000
__Habs1                               abs1         000000
__Hbank0                              bank0        000000
__Hbank1                              bank1        000000
__Hbank2                              bank2        000000
__Hbank3                              bank3        000000
__Hbank4                              bank4        000000
__Hbank5                              bank5        000000
__Hbank6                              bank6        000000
__Hbank7                              bank7        000000
__Hbigbss                             bigbss       000000
__Hbigdata                            bigdata      000000
__Hbigram                             bigram       000000
__Hbigsfr                             bigsfr       000000
__Hbss                                bss          000000
__HbssBIGRAM                          bssBIGRAM    000000
__HbssCOMRAM                          bssCOMRAM    000000
__Hcinit                              cinit        000000
__Hclrtext                            clrtext      000000
__Hcomram                             comram       000000
__Hconfig                             config       30000C
__Hconst                              const        000000
__HcstackCOMRAM                       cstackCOMRAM 000000
__Hdata                               data         000000
__HdataCOMRAM                         dataCOMRAM   000000
__Heeprom_data                        eeprom_data  000000
__Hfarbss                             farbss       000000
__Hfardata                            fardata      000000
__Hheap                               heap         000000
__Hibigdata                           ibigdata     000000
__Hidata                              idata        000000
__HidataCOMRAM                        idataCOMRAM  000000
__Hidloc                              idloc        000000
__Hifardata                           ifardata     000000
__Hinit                               init         000004
__Hintcode                            intcode      000000
__Hintcode_body                       intcode_body 000000
__Hintcodelo                          intcodelo    000000
__Hintentry                           intentry     000000
__Hintret                             intret       000000
__Hintsave_regs                       intsave_regs 000000
__Hirdata                             irdata       000000
__Hmediumconst                        mediumconst  008000
__HnvFARRAM                           nvFARRAM     000000
__Hnvbit                              nvbit        000000
__Hnvrram                             nvrram       000000
__Hparam                              rparam       000000
__Hpowerup                            powerup      000000
__Hram                                ram          000000
__Hramtop                             ramtop       000800
__Hrbit                               rbit         000000
__Hrbss                               rbss         000000
__Hrdata                              rdata        000000
__Hreset_vec                          reset_vec    000000
__Hrparam                             rparam       000000
__Hsfr                                sfr          000000
__Hsivt_hi                            sivt_hi      000000
__Hsivt_lo                            sivt_lo      000000
__Hsmallconst                         smallconst   000000
__Hspace_0                            (abs)        008000
__Hspace_1                            (abs)        000800
__Hspace_2                            (abs)        000000
__Hspace_4                            (abs)        60000C
__Hstack                              stack        000000
__Hstruct                             struct       000000
__Htemp                               temp         000000
__Htext                               text         000000
__Htext0                              text0        000000
__Htext1                              text1        000000
__Htext10                             text10       000000
__Htext11                             text11       000000
__Htext12                             text12       000000
__Htext13                             text13       000000
__Htext14                             text14       000000
__Htext15                             text15       000000
__Htext16                             text16       000000
__Htext17                             text17       000000
__Htext18                             text18       000000
__Htext19                             text19       000000
__Htext2                              text2        000000
__Htext20                             text20       000000
__Htext21                             text21       000000
__Htext22                             text22       000000
__Htext23                             text23       000000
__Htext24                             text24       000000
__Htext25                             text25       000000
__Htext26                             text26       000000
__Htext27                             text27       000000
__Htext28                             text28       000000
__Htext29                             text29       000000
__Htext3                              text3        000000
__Htext30                             text30       000000
__Htext31                             text31       000000
__Htext32                             text32       000000
__Htext33                             text33       000000
__Htext34                             text34       000000
__Htext35                             text35       000000
__Htext36                             text36       000000
__Htext37                             text37       000000
__Htext38                             text38       000000
__Htext39                             text39       000000
__Htext4                              text4        000000
__Htext40                             text40       000000
__Htext41                             text41       000000
__Htext42                             text42       000000
__Htext43                             text43       000000
__Htext44                             text44       000000
__Htext45                             text45       000000
__Htext46                             text46       000000
__Htext47                             text47       000000
__Htext48                             text48       000000
__Htext49                             text49       000000
__Htext5                              text5        000000
__Htext50                             text50       000000
__Htext51                             text51       000000
__Htext52                             text52       000000
__Htext53                             text53       000000
__Htext54                             text54       000000
__Htext55                             text55       000000
__Htext56                             text56       000000
__Htext57                             text57       000000
__Htext58                             text58       000000
__Htext59                             text59       000000
__Htext6                              text6        000000
__Htext60                             text60       000000
__Htext61                             text61       000000
__Htext62                             text62       000000
__Htext63                             text63       000000
__Htext64                             text64       000000
__Htext65                             text65       000000
__Htext66                             text66       000000
__Htext7                              text7        000000
__Htext8                              text8        000000
__Htext9                              text9        000000
__LRAM                                (abs)        000001
__L__absolute__                       __absolute__ 000000
__Labs1                               abs1         000000
__Lbank0                              bank0        000000
__Lbank1                              bank1        000000
__Lbank2                              bank2        000000
__Lbank3                              bank3        000000
__Lbank4                              bank4        000000
__Lbank5                              bank5        000000
__Lbank6                              bank6        000000
__Lbank7                              bank7        000000
__Lbigbss                             bigbss       000000
__Lbigdata                            bigdata      000000
__Lbigram                             bigram       000000
__Lbigsfr                             bigsfr       000000
__Lbss                                bss          000000
__LbssBIGRAM                          bssBIGRAM    000000
__LbssCOMRAM                          bssCOMRAM    000000
__Lcinit                              cinit        000000
__Lclrtext                            clrtext      000000
__Lcomram                             comram       000000
__Lconfig                             config       000000
__Lconst                              const        000000
__LcstackCOMRAM                       cstackCOMRAM 000000
__Ldata                               data         000000
__LdataCOMRAM                         dataCOMRAM   000000
__Leeprom_data                        eeprom_data  000000
__Lfarbss                             farbss       000000
__Lfardata                            fardata      000000
__Lheap                               heap         000000
__Libigdata                           ibigdata     000000
__Lidata                              idata        000000
__LidataCOMRAM                        idataCOMRAM  000000
__Lidloc                              idloc        000000
__Lifardata                           ifardata     000000
__Linit                               init         000000
__Lintcode                            intcode      000000
__Lintcode_body                       intcode_body 000000
__Lintcodelo                          intcodelo    000000
__Lintentry                           intentry     000000
__Lintret                             intret       000000
__Lintsave_regs                       intsave_regs 000000
__Lirdata                             irdata       000000
__Lmediumconst                        mediumconst  007472
__LnvFARRAM                           nvFARRAM     000000
__Lnvbit                              nvbit        000000
__Lnvrram                             nvrram       000000
__Lparam                              rparam       000000
__Lpowerup                            powerup      000000
__Lram                                ram          000000
__Lramtop                             ramtop       000800
__Lrbit                               rbit         000000
__Lrbss                               rbss         000000
__Lrdata                              rdata        000000
__Lreset_vec                          reset_vec    000000
__Lrparam                             rparam       000000
__Lsfr                                sfr          000000
__Lsivt_hi                            sivt_hi      000000
__Lsivt_lo                            sivt_lo      000000
__Lsmallconst                         smallconst   000000
__Lspace_0                            (abs)        000000
__Lspace_1                            (abs)        000000
__Lspace_2                            (abs)        000000
__Lspace_4                            (abs)        000000
__Lstack                              stack        000000
__Lstruct                             struct       000000
__Ltemp                               temp         000000
__Ltext                               text         000000
__Ltext0                              text0        000000
__Ltext1                              text1        000000
__Ltext10                             text10       000000
__Ltext11                             text11       000000
__Ltext12                             text12       000000
__Ltext13                             text13       000000
__Ltext14                             text14       000000
__Ltext15                             text15       000000
__Ltext16                             text16       000000
__Ltext17                             text17       000000
__Ltext18                             text18       000000
__Ltext19                             text19       000000
__Ltext2                              text2        000000
__Ltext20                             text20       000000
__Ltext21                             text21       000000
__Ltext22                             text22       000000
__Ltext23                             text23       000000
__Ltext24                             text24       000000
__Ltext25                             text25       000000
__Ltext26                             text26       000000
__Ltext27                             text27       000000
__Ltext28                             text28       000000
__Ltext29                             text29       000000
__Ltext3                              text3        000000
__Ltext30                             text30       000000
__Ltext31                             text31       000000
__Ltext32                             text32       000000
__Ltext33                             text33       000000
__Ltext34                             text34       000000
__Ltext35                             text35       000000
__Ltext36                             text36       000000
__Ltext37                             text37       000000
__Ltext38                             text38       000000
__Ltext39                             text39       000000
__Ltext4                              text4        000000
__Ltext40                             text40       000000
__Ltext41                             text41       000000
__Ltext42                             text42       000000
__Ltext43                             text43       000000
__Ltext44                             text44       000000
__Ltext45                             text45       000000
__Ltext46                             text46       000000
__Ltext47                             text47       000000
__Ltext48                             text48       000000
__Ltext49                             text49       000000
__Ltext5                              text5        000000
__Ltext50                             text50       000000
__Ltext51                             text51       000000
__Ltext52                             text52       000000
__Ltext53                             text53       000000
__Ltext54                             text54       000000
__Ltext55                             text55       000000
__Ltext56                             text56       000000
__Ltext57                             text57       000000
__Ltext58                             text58       000000
__Ltext59                             text59       000000
__Ltext6                              text6        000000
__Ltext60                             text60       000000
__Ltext61                             text61       000000
__Ltext62                             text62       000000
__Ltext63                             text63       000000
__Ltext64                             text64       000000
__Ltext65                             text65       000000
__Ltext66                             text66       000000
__Ltext7                              text7        000000
__Ltext8                              text8        000000
__Ltext9                              text9        000000
__S0                                  (abs)        008000
__S1                                  (abs)        000800
__S4                                  (abs)        000000
__S5                                  (abs)        000000
___awdiv                              text61       0070A4
___awdiv@counter                      cstackCOMRAM 000031
___awdiv@dividend                     cstackCOMRAM 00002D
___awdiv@divisor                      cstackCOMRAM 00002F
___awdiv@quotient                     cstackCOMRAM 000033
___awdiv@sign                         cstackCOMRAM 000032
___heap_hi                            (abs)        000000
___heap_lo                            (abs)        000000
___inthi_sp                           stack        000000
___inthi_stack_hi                     stack        000000
___inthi_stack_lo                     stack        000000
___intlo_sp                           stack        000000
___intlo_stack_hi                     stack        000000
___intlo_stack_lo                     stack        000000
___param_bank                         (abs)        000000
___rparam_used                        (abs)        000001
___sp                                 stack        000000
___stack_hi                           stack        000000
___stack_lo                           stack        000000
___wmul                               text60       006B56
___wmul@multiplicand                  cstackCOMRAM 00002F
___wmul@multiplier                    cstackCOMRAM 00002D
___wmul@product                       cstackCOMRAM 000031
__accesstop                           (abs)        000060
__activetblptr                        (abs)        000002
__end_of_Font7x10                     mediumconst  007BFF
__end_of_I2C2_CallbackReturnReset     text39       006970
__end_of_I2C2_CallbackReturnStop      text40       00696C
__end_of_I2C2_Close                   text52       006B36
__end_of_I2C2_DO_ADDRESS_NACK         text16       006E94
__end_of_I2C2_DO_IDLE                 text30       006A02
__end_of_I2C2_DO_RCEN                 text25       006A0C
__end_of_I2C2_DO_RESET                text17       006A16
__end_of_I2C2_DO_RX                   text26       007022
__end_of_I2C2_DO_RX_ACK               text20       0069D8
__end_of_I2C2_DO_RX_NACK_RESTART      text18       0069E8
__end_of_I2C2_DO_RX_NACK_STOP         text19       0069E0
__end_of_I2C2_DO_SEND_ADR_READ        text29       006A30
__end_of_I2C2_DO_SEND_ADR_WRITE       text28       006A3E
__end_of_I2C2_DO_SEND_RESTART         text22       0069C8
__end_of_I2C2_DO_SEND_RESTART_READ    text24       0069B8
__end_of_I2C2_DO_SEND_RESTART_WRITE   text23       0069C0
__end_of_I2C2_DO_SEND_STOP            text21       0069D0
__end_of_I2C2_DO_TX                   text27       00723E
__end_of_I2C2_DO_TX_EMPTY             text31       006FA6
__end_of_I2C2_Initialize              text66       006A84
__end_of_I2C2_MasterClearIrq          text55       006982
__end_of_I2C2_MasterClose             text54       006964
__end_of_I2C2_MasterDisableIrq        text53       006968
__end_of_I2C2_MasterEnableRestart     text50       00698E
__end_of_I2C2_MasterFsm               text15       006D64
__end_of_I2C2_MasterGetRxData         text36       006978
__end_of_I2C2_MasterIsNack            text33       006A22
__end_of_I2C2_MasterOpen              text10       006AE2
__end_of_I2C2_MasterOperation         text12       006BCE
__end_of_I2C2_MasterSendAck           text35       00699A
__end_of_I2C2_MasterSendNack          text37       0069A8
__end_of_I2C2_MasterSendTxData        text34       0069B0
__end_of_I2C2_MasterSetIrq            text32       0069A0
__end_of_I2C2_MasterStart             text51       006988
__end_of_I2C2_MasterStartRx           text38       006974
__end_of_I2C2_MasterStop              text49       006994
__end_of_I2C2_MasterWaitForEvent      text14       0069F0
__end_of_I2C2_MasterWrite             text11       0069F8
__end_of_I2C2_Open                    text9        0070A4
__end_of_I2C2_Poller                  text13       006A4E
__end_of_I2C2_SetAddressNackCallback  text8        006AFA
__end_of_I2C2_SetBuffer               text48       006AB2
__end_of_I2C2_SetCallback             text47       006F46
__end_of_I2C2_SetDataCompleteCallback text46       006ACA
__end_of_I2C2_WriteNBytes             text7        006DAA
__end_of_OSCILLATOR_Initialize        text65       006A9A
__end_of_PIN_MANAGER_Initialize       text64       0071AE
__end_of_PMD_Initialize               text63       006B16
__end_of_SYSTEM_Initialize            text62       006A70
__end_of___awdiv                      text61       007128
__end_of___wmul                       text60       006B7C
__end_of__initialization              cinit        006DEA
__end_of_i2c2_fsmStateTable           mediumconst  007493
__end_of_main                         text0        006CDC
__end_of_microchip                    mediumconst  007FFF
__end_of_rd1RegCompleteHandler        text44       006C26
__end_of_rd2RegCompleteHandler        text43       006C52
__end_of_rdBlkRegCompleteHandler      text41       006D1E
__end_of_ssd1306_DrawBitmap           text58       007394
__end_of_ssd1306_DrawPixel            text59       0072E0
__end_of_ssd1306_Fill                 text57       006EEC
__end_of_ssd1306_Init                 text1        007472
__end_of_ssd1306_Reset                text56       006960
__end_of_ssd1306_SetContrast          text5        006A5E
__end_of_ssd1306_SetDisplayOn         text4        006B56
__end_of_ssd1306_UpdateScreen         text2        006E40
__end_of_ssd1306_WriteCommand         text6        006BA4
__end_of_ssd1306_WriteData            text3        006CAA
__end_of_wr1RegCompleteHandler        text42       006C7E
__end_of_wr2RegCompleteHandler        text45       006BFA
__initialization                      cinit        006DAA
__mediumconst                         mediumconst  007472
__pbssBIGRAM                          bssBIGRAM    0003FF
__pbssCOMRAM                          bssCOMRAM    000001
__pcinit                              cinit        006DAA
__pcstackCOMRAM                       cstackCOMRAM 00002D
__pdataCOMRAM                         dataCOMRAM   00004B
__pidataCOMRAM                        idataCOMRAM  006978
__pmediumconst                        mediumconst  007472
__ptext0                              text0        006CAA
__ptext1                              text1        007394
__ptext10                             text10       006ACA
__ptext11                             text11       0069F0
__ptext12                             text12       006BA4
__ptext13                             text13       006A3E
__ptext14                             text14       0069E8
__ptext15                             text15       006D1E
__ptext16                             text16       006E40
__ptext17                             text17       006A0C
__ptext18                             text18       0069E0
__ptext19                             text19       0069D8
__ptext2                              text2        006DF4
__ptext20                             text20       0069D0
__ptext21                             text21       0069C8
__ptext22                             text22       0069C0
__ptext23                             text23       0069B8
__ptext24                             text24       0069B0
__ptext25                             text25       006A02
__ptext26                             text26       006FA6
__ptext27                             text27       0071AE
__ptext28                             text28       006A30
__ptext29                             text29       006A22
__ptext3                              text3        006C7E
__ptext30                             text30       0069F8
__ptext31                             text31       006F46
__ptext32                             text32       00699A
__ptext33                             text33       006A16
__ptext34                             text34       0069A8
__ptext35                             text35       006994
__ptext36                             text36       006974
__ptext37                             text37       0069A0
__ptext38                             text38       006970
__ptext39                             text39       00696C
__ptext4                              text4        006B36
__ptext40                             text40       006968
__ptext41                             text41       006CDC
__ptext42                             text42       006C52
__ptext43                             text43       006C26
__ptext44                             text44       006BFA
__ptext45                             text45       006BCE
__ptext46                             text46       006AB2
__ptext47                             text47       006EEC
__ptext48                             text48       006A9A
__ptext49                             text49       00698E
__ptext5                              text5        006A4E
__ptext50                             text50       006988
__ptext51                             text51       006982
__ptext52                             text52       006B16
__ptext53                             text53       006964
__ptext54                             text54       006960
__ptext55                             text55       00697C
__ptext56                             text56       00695E
__ptext57                             text57       006E94
__ptext58                             text58       0072E0
__ptext59                             text59       00723E
__ptext6                              text6        006B7C
__ptext60                             text60       006B56
__ptext61                             text61       0070A4
__ptext62                             text62       006A5E
__ptext63                             text63       006AFA
__ptext64                             text64       007128
__ptext65                             text65       006A84
__ptext66                             text66       006A70
__ptext7                              text7        006D64
__ptext8                              text8        006AE2
__ptext9                              text9        007022
__ramtop                              ramtop       000800
__smallconst                          smallconst   000000
_i2c2_fsmStateTable                   mediumconst  007473
_main                                 text0        006CAA
_microchip                            mediumconst  007BFF
_rd1RegCompleteHandler                text44       006BFA
_rd2RegCompleteHandler                text43       006C26
_rdBlkRegCompleteHandler              text41       006CDC
_ssd1306_DrawBitmap                   text58       0072E0
_ssd1306_DrawPixel                    text59       00723E
_ssd1306_Fill                         text57       006E94
_ssd1306_Fill$1217                    cstackCOMRAM 00002E
_ssd1306_Init                         text1        007394
_ssd1306_Reset                        text56       00695E
_ssd1306_SetContrast                  text5        006A4E
_ssd1306_SetDisplayOn                 text4        006B36
_ssd1306_UpdateScreen                 text2        006DF4
_ssd1306_WriteCommand                 text6        006B7C
_ssd1306_WriteData                    text3        006C7E
_wr1RegCompleteHandler                text42       006C52
_wr2RegCompleteHandler                text45       006BCE
end_of_initialization                 cinit        006DEA
intlevel0                             text         000000
intlevel1                             text         000000
intlevel2                             text         000000
intlevel3                             text         000000
isa$std                               (abs)        000001
isa$xinst                             (abs)        000000
rd1RegCompleteHandler@ptr             cstackCOMRAM 000036
rd2RegCompleteHandler@ptr             cstackCOMRAM 000036
rdBlkRegCompleteHandler@ptr           cstackCOMRAM 000036
ssd1306_DrawBitmap@bitmap             cstackCOMRAM 000037
ssd1306_DrawBitmap@byte               cstackCOMRAM 000042
ssd1306_DrawBitmap@byteWidth          cstackCOMRAM 00003F
ssd1306_DrawBitmap@color              cstackCOMRAM 00003B
ssd1306_DrawBitmap@h                  cstackCOMRAM 00003A
ssd1306_DrawBitmap@i                  cstackCOMRAM 000044
ssd1306_DrawBitmap@j                  cstackCOMRAM 000043
ssd1306_DrawBitmap@w                  cstackCOMRAM 000039
ssd1306_DrawBitmap@x                  cstackCOMRAM 000041
ssd1306_DrawBitmap@y                  cstackCOMRAM 000036
ssd1306_DrawPixel@color               cstackCOMRAM 00002E
ssd1306_DrawPixel@x                   cstackCOMRAM 000035
ssd1306_DrawPixel@y                   cstackCOMRAM 00002D
ssd1306_Fill@color                    cstackCOMRAM 00002D
ssd1306_Fill@i                        cstackCOMRAM 000030
ssd1306_SetContrast@value             cstackCOMRAM 000045
ssd1306_SetDisplayOn@on               cstackCOMRAM 000045
ssd1306_SetDisplayOn@value            cstackCOMRAM 000046
ssd1306_UpdateScreen@i                cstackCOMRAM 000048
ssd1306_WriteCommand@byte             cstackCOMRAM 000042
ssd1306_WriteCommand@writebyte1       cstackCOMRAM 000043
ssd1306_WriteData@buff_size           cstackCOMRAM 000044
ssd1306_WriteData@buffer              cstackCOMRAM 000042
stackhi                               (abs)        000000
stacklo                               (abs)        000000
start                                 init         000000
start_initialization                  cinit        006DAA
wr1RegCompleteHandler@ptr             cstackCOMRAM 000036
wr2RegCompleteHandler@ptr             cstackCOMRAM 000036


MODULE INFORMATION

Module		Function		Class		Link	Load	Size
mcc_generated_files/examples/i2c2_master_example.c
		_wr1RegCompleteHandler		CODE           	6C52	0000	44
		_wr2RegCompleteHandler		CODE           	6BCE	0000	44
		_rdBlkRegCompleteHandler		CODE           	6CDC	0000	66
		_rd1RegCompleteHandler		CODE           	6BFA	0000	44
		_rd2RegCompleteHandler		CODE           	6C26	0000	44
		_I2C2_WriteNBytes		CODE           	6D64	0000	70

mcc_generated_files/examples/i2c2_master_example.c estimated size: 312

C:\Program Files\Microchip\xc8\v2.46\pic\sources\c99\common\awdiv.c
		___awdiv       		CODE           	70A4	0000	132

C:\Program Files\Microchip\xc8\v2.46\pic\sources\c99\common\awdiv.c estimated size: 132

mcc_generated_files/pin_manager.c
		_PIN_MANAGER_Initialize		CODE           	7128	0000	134

mcc_generated_files/pin_manager.c estimated size: 134

ssd1306.c
		_ssd1306_DrawPixel		CODE           	723E	0000	162
		_ssd1306_DrawBitmap		CODE           	72E0	0000	180
		_ssd1306_SetDisplayOn		CODE           	6B36	0000	32
		_ssd1306_WriteCommand		CODE           	6B7C	0000	40
		_ssd1306_SetContrast		CODE           	6A4E	0000	16
		_ssd1306_Fill  		CODE           	6E94	0000	88
		_ssd1306_Init  		CODE           	7394	0000	222
		_ssd1306_Reset 		CODE           	695E	0000	2
		_ssd1306_WriteData		CODE           	6C7E	0000	44
		_ssd1306_UpdateScreen		CODE           	6DF4	0000	76

ssd1306.c estimated size: 862

mcc_generated_files/i2c2_master.c
		_I2C2_DO_SEND_ADR_READ		CODE           	6A22	0000	14
		_I2C2_DO_RX_NACK_STOP		CODE           	69D8	0000	8
		_I2C2_DO_SEND_RESTART		CODE           	69C0	0000	8
		_I2C2_DO_TX_EMPTY		CODE           	6F46	0000	96
		_I2C2_DO_SEND_RESTART_READ		CODE           	69B0	0000	8
		_I2C2_CallbackReturnStop		CODE           	6968	0000	4
		_I2C2_DO_RX    		CODE           	6FA6	0000	124
		_I2C2_DO_TX    		CODE           	71AE	0000	144
		_I2C2_SetAddressNackCallback		CODE           	6AE2	0000	24
		_I2C2_DO_IDLE  		CODE           	69F8	0000	10
		_I2C2_MasterOpen		CODE           	6ACA	0000	24
		_I2C2_DO_RCEN  		CODE           	6A02	0000	10
		_I2C2_MasterSendTxData		CODE           	69A8	0000	8
		_I2C2_MasterStop		CODE           	698E	0000	6
		_I2C2_CallbackReturnReset		CODE           	696C	0000	4
		_I2C2_DO_RESET 		CODE           	6A0C	0000	10
		_I2C2_MasterStartRx		CODE           	6970	0000	4
		_I2C2_Poller   		CODE           	6A3E	0000	16
		_I2C2_DO_RX_ACK		CODE           	69D0	0000	8
		_I2C2_MasterWaitForEvent		CODE           	69E8	0000	8
		_I2C2_MasterSendNack		CODE           	69A0	0000	8
		_I2C2_DO_RX_NACK_RESTART		CODE           	69E0	0000	8
		_I2C2_MasterDisableIrq		CODE           	6964	0000	4
		_I2C2_MasterOperation		CODE           	6BA4	0000	42
		_I2C2_SetCallback		CODE           	6EEC	0000	90
		_I2C2_MasterEnableRestart		CODE           	6988	0000	6
		_I2C2_Open     		CODE           	7022	0000	130
		_I2C2_DO_ADDRESS_NACK		CODE           	6E40	0000	84
		_I2C2_SetBuffer		CODE           	6A9A	0000	24
		_I2C2_DO_SEND_RESTART_WRITE		CODE           	69B8	0000	8
		_I2C2_MasterClose		CODE           	6960	0000	4
		_I2C2_MasterWrite		CODE           	69F0	0000	8
		_I2C2_Initialize		CODE           	6A70	0000	20
		_I2C2_Close    		CODE           	6B16	0000	32
		_I2C2_MasterIsNack		CODE           	6A16	0000	12
		_I2C2_MasterStart		CODE           	6982	0000	6
		_I2C2_DO_SEND_ADR_WRITE		CODE           	6A30	0000	14
		_I2C2_MasterClearIrq		CODE           	697C	0000	6
		_I2C2_SetDataCompleteCallback		CODE           	6AB2	0000	24
		_I2C2_DO_SEND_STOP		CODE           	69C8	0000	8
		_I2C2_MasterSendAck		CODE           	6994	0000	6
		_I2C2_MasterFsm		CODE           	6D1E	0000	70
		_I2C2_MasterGetRxData		CODE           	6974	0000	4
		_I2C2_MasterSetIrq		CODE           	699A	0000	6

mcc_generated_files/i2c2_master.c estimated size: 1162

shared
		_microchip     		MEDIUMCONST    	7BFF	0000	1024
		_Font7x10      		MEDIUMCONST    	0000	0000	0
		__initialization		CODE           	6DAA	0000	64
		_i2c2_fsmStateTable		MEDIUMCONST    	7473	0000	32

shared estimated size: 1120

C:\Program Files\Microchip\xc8\v2.46\pic\sources\c99\common\Umul16.c
		___wmul        		CODE           	6B56	0000	38

C:\Program Files\Microchip\xc8\v2.46\pic\sources\c99\common\Umul16.c estimated size: 38

mcc_generated_files/mcc.c
		_PMD_Initialize		CODE           	6AFA	0000	28
		_OSCILLATOR_Initialize		CODE           	6A84	0000	22
		_SYSTEM_Initialize		CODE           	6A5E	0000	18

mcc_generated_files/mcc.c estimated size: 68

main.c
		_main          		CODE           	6CAA	0000	50

main.c estimated size: 50

